Component: ARM Compiler 5.06 update 6 (build 750) Tool: armlink [4d35ed]

==============================================================================

Section Cross References

    startup_stm32f429xx.o(RESET) refers to startup_stm32f429xx.o(STACK) for __initial_sp
    startup_stm32f429xx.o(RESET) refers to startup_stm32f429xx.o(.text) for Reset_Handler
    startup_stm32f429xx.o(RESET) refers to stm32f4xx_it.o(i.NMI_Handler) for NMI_Handler
    startup_stm32f429xx.o(RESET) refers to stm32f4xx_it.o(i.HardFault_Handler) for HardFault_Handler
    startup_stm32f429xx.o(RESET) refers to stm32f4xx_it.o(i.MemManage_Handler) for MemManage_Handler
    startup_stm32f429xx.o(RESET) refers to stm32f4xx_it.o(i.BusFault_Handler) for BusFault_Handler
    startup_stm32f429xx.o(RESET) refers to stm32f4xx_it.o(i.UsageFault_Handler) for UsageFault_Handler
    startup_stm32f429xx.o(RESET) refers to stm32f4xx_it.o(i.SVC_Handler) for SVC_Handler
    startup_stm32f429xx.o(RESET) refers to stm32f4xx_it.o(i.DebugMon_Handler) for DebugMon_Handler
    startup_stm32f429xx.o(RESET) refers to stm32f4xx_it.o(i.PendSV_Handler) for PendSV_Handler
    startup_stm32f429xx.o(RESET) refers to stm32f4xx_it.o(i.SysTick_Handler) for SysTick_Handler
    startup_stm32f429xx.o(RESET) refers to gt9xx.o(i.EXTI15_10_IRQHandler) for EXTI15_10_IRQHandler
    startup_stm32f429xx.o(RESET) refers to stm32f4xx_it.o(i.TIM6_DAC_IRQHandler) for TIM6_DAC_IRQHandler
    startup_stm32f429xx.o(.text) refers to system_stm32f4xx.o(i.SystemInit) for SystemInit
    startup_stm32f429xx.o(.text) refers to entry.o(.ARM.Collect$$$$00000000) for __main
    main.o(i.HAL_TIM_PeriodElapsedCallback) refers to stm32f4xx_hal.o(i.HAL_IncTick) for HAL_IncTick
    main.o(i.HAL_TIM_PeriodElapsedCallback) refers to lv_hal_tick.o(i.lv_tick_inc) for lv_tick_inc
    main.o(i.SystemClock_Config) refers to memseta.o(.text) for __aeabi_memclr4
    main.o(i.SystemClock_Config) refers to stm32f4xx_hal_rcc.o(i.HAL_RCC_OscConfig) for HAL_RCC_OscConfig
    main.o(i.SystemClock_Config) refers to main.o(i.Error_Handler) for Error_Handler
    main.o(i.SystemClock_Config) refers to stm32f4xx_hal_pwr_ex.o(i.HAL_PWREx_EnableOverDrive) for HAL_PWREx_EnableOverDrive
    main.o(i.SystemClock_Config) refers to stm32f4xx_hal_rcc.o(i.HAL_RCC_ClockConfig) for HAL_RCC_ClockConfig
    main.o(i.main) refers to stm32f4xx_hal.o(i.HAL_Init) for HAL_Init
    main.o(i.main) refers to main.o(i.SystemClock_Config) for SystemClock_Config
    main.o(i.main) refers to gpio.o(i.MX_GPIO_Init) for MX_GPIO_Init
    main.o(i.main) refers to debug_usart.o(i.bsp_debug_usart_init) for bsp_debug_usart_init
    main.o(i.main) refers to bsp_led.o(i.bsp_led_init) for bsp_led_init
    main.o(i.main) refers to printf8.o(i.__0printf$8) for __2printf
    main.o(i.main) refers to bsp_sdram.o(i.SDRAM_Init) for SDRAM_Init
    main.o(i.main) refers to gt9xx.o(i.GTP_Init_Panel) for GTP_Init_Panel
    main.o(i.main) refers to bsp_lcd.o(i.BSP_LCD_Init) for BSP_LCD_Init
    main.o(i.main) refers to bsp_lcd.o(i.LCD_LayerInit) for LCD_LayerInit
    main.o(i.main) refers to bsp_lcd.o(i.BSP_LCD_GetXSize) for BSP_LCD_GetXSize
    main.o(i.main) refers to bsp_lcd.o(i.BSP_LCD_GetYSize) for BSP_LCD_GetYSize
    main.o(i.main) refers to bsp_lcd.o(i.LCD_DisplayOn) for LCD_DisplayOn
    main.o(i.main) refers to bsp_lcd.o(i.LCD_SelectLayer) for LCD_SelectLayer
    main.o(i.main) refers to bsp_lcd.o(i.LCD_Clear) for LCD_Clear
    main.o(i.main) refers to bsp_lcd.o(i.LCD_SetTransparency) for LCD_SetTransparency
    main.o(i.main) refers to lv_obj.o(i.lv_init) for lv_init
    main.o(i.main) refers to lv_port_disp.o(i.lv_port_disp_init) for lv_port_disp_init
    main.o(i.main) refers to lv_port_indev.o(i.lv_port_indev_init) for lv_port_indev_init
    main.o(i.main) refers to lvgl_task.o(i.lv_label_test) for lv_label_test
    main.o(i.main) refers to lv_task.o(i.lv_task_handler) for lv_task_handler
    usart.o(i.HAL_UART_MspDeInit) refers to stm32f4xx_hal_gpio.o(i.HAL_GPIO_DeInit) for HAL_GPIO_DeInit
    usart.o(i.HAL_UART_MspInit) refers to memseta.o(.text) for __aeabi_memclr4
    usart.o(i.HAL_UART_MspInit) refers to stm32f4xx_hal_gpio.o(i.HAL_GPIO_Init) for HAL_GPIO_Init
    usart.o(i.MX_USART1_UART_Init) refers to stm32f4xx_hal_uart.o(i.HAL_UART_Init) for HAL_UART_Init
    usart.o(i.MX_USART1_UART_Init) refers to main.o(i.Error_Handler) for Error_Handler
    usart.o(i.MX_USART1_UART_Init) refers to usart.o(.bss) for huart1
    stm32f4xx_it.o(i.HardFault_Handler) refers to printf8.o(i.__0printf$8) for __2printf
    stm32f4xx_it.o(i.TIM6_DAC_IRQHandler) refers to stm32f4xx_hal_tim.o(i.HAL_TIM_IRQHandler) for HAL_TIM_IRQHandler
    stm32f4xx_it.o(i.TIM6_DAC_IRQHandler) refers to stm32f4xx_hal_timebase_tim.o(.bss) for htim6
    stm32f4xx_hal_timebase_tim.o(i.HAL_InitTick) refers to stm32f4xx_hal_cortex.o(i.HAL_NVIC_SetPriority) for HAL_NVIC_SetPriority
[...]
    HAL_SDRAM_SendCommand                    0x08002cf7   Thumb Code    58  stm32f4xx_hal_sdram.o(i.HAL_SDRAM_SendCommand)
    HAL_TIMEx_BreakCallback                  0x08002d31   Thumb Code     2  stm32f4xx_hal_tim_ex.o(i.HAL_TIMEx_BreakCallback)
    HAL_TIMEx_CommutCallback                 0x08002d33   Thumb Code     2  stm32f4xx_hal_tim_ex.o(i.HAL_TIMEx_CommutCallback)
    HAL_TIM_Base_Init                        0x08002d35   Thumb Code    52  stm32f4xx_hal_tim.o(i.HAL_TIM_Base_Init)
    HAL_TIM_Base_MspInit                     0x08002d69   Thumb Code     2  stm32f4xx_hal_tim.o(i.HAL_TIM_Base_MspInit)
    HAL_TIM_Base_Start_IT                    0x08002d6b   Thumb Code    42  stm32f4xx_hal_tim.o(i.HAL_TIM_Base_Start_IT)
    HAL_TIM_IC_CaptureCallback               0x08002d95   Thumb Code     2  stm32f4xx_hal_tim.o(i.HAL_TIM_IC_CaptureCallback)
    HAL_TIM_IRQHandler                       0x08002d97   Thumb Code   406  stm32f4xx_hal_tim.o(i.HAL_TIM_IRQHandler)
    HAL_TIM_OC_DelayElapsedCallback          0x08002f2d   Thumb Code     2  stm32f4xx_hal_tim.o(i.HAL_TIM_OC_DelayElapsedCallback)
    HAL_TIM_PWM_PulseFinishedCallback        0x08002f2f   Thumb Code     2  stm32f4xx_hal_tim.o(i.HAL_TIM_PWM_PulseFinishedCallback)
    HAL_TIM_PeriodElapsedCallback            0x08002f31   Thumb Code    24  main.o(i.HAL_TIM_PeriodElapsedCallback)
    HAL_TIM_TriggerCallback                  0x08002f4d   Thumb Code     2  stm32f4xx_hal_tim.o(i.HAL_TIM_TriggerCallback)
    HAL_UART_Init                            0x08002f4f   Thumb Code   114  stm32f4xx_hal_uart.o(i.HAL_UART_Init)
    HAL_UART_MspInit                         0x08002fc1   Thumb Code   124  usart.o(i.HAL_UART_MspInit)
    HAL_UART_Transmit                        0x08003049   Thumb Code   216  stm32f4xx_hal_uart.o(i.HAL_UART_Transmit)
    HardFault_Handler                        0x08003121   Thumb Code    16  stm32f4xx_it.o(i.HardFault_Handler)
    I2C_GTP_IRQDisable                       0x0800326d   Thumb Code    76  bsp_i2c_touch.o(i.I2C_GTP_IRQDisable)
    I2C_GTP_IRQEnable                        0x080032c1   Thumb Code    78  bsp_i2c_touch.o(i.I2C_GTP_IRQEnable)
    I2C_ReadBytes                            0x08003589   Thumb Code    38  bsp_i2c_touch.o(i.I2C_ReadBytes)
    I2C_ResetChip                            0x080035b5   Thumb Code   124  bsp_i2c_touch.o(i.I2C_ResetChip)
    I2C_Touch_Init                           0x08003639   Thumb Code    20  bsp_i2c_touch.o(i.I2C_Touch_Init)
    I2C_WriteBytes                           0x0800394d   Thumb Code    38  bsp_i2c_touch.o(i.I2C_WriteBytes)
    LCD_Clear                                0x08003979   Thumb Code    56  bsp_lcd.o(i.LCD_Clear)
    LCD_DisplayOn                            0x080039b9   Thumb Code    40  bsp_lcd.o(i.LCD_DisplayOn)
    LCD_LayerInit                            0x08003fb5   Thumb Code   148  bsp_lcd.o(i.LCD_LayerInit)
    LCD_SelectLayer                          0x08004055   Thumb Code     6  bsp_lcd.o(i.LCD_SelectLayer)
    LCD_SetFont                              0x08004061   Thumb Code    18  bsp_lcd.o(i.LCD_SetFont)
    LCD_SetTransparency                      0x0800407d   Thumb Code    18  bsp_lcd.o(i.LCD_SetTransparency)
    MX_GPIO_Init                             0x080043a5   Thumb Code   126  gpio.o(i.MX_GPIO_Init)
    MX_USART1_UART_Init                      0x08004429   Thumb Code    46  usart.o(i.MX_USART1_UART_Init)
    MemManage_Handler                        0x08004461   Thumb Code     4  stm32f4xx_it.o(i.MemManage_Handler)
    NMI_Handler                              0x08004465   Thumb Code     2  stm32f4xx_it.o(i.NMI_Handler)
    PendSV_Handler                           0x08004467   Thumb Code     2  stm32f4xx_it.o(i.PendSV_Handler)
    SDRAM_Init                               0x08004b05   Thumb Code   130  bsp_sdram.o(i.SDRAM_Init)
    SVC_Handler                              0x08004c49   Thumb Code     2  stm32f4xx_it.o(i.SVC_Handler)
    SysTick_Handler                          0x08004c4b   Thumb Code     2  stm32f4xx_it.o(i.SysTick_Handler)
    SystemClock_Config                       0x08004c4d   Thumb Code   180  main.o(i.SystemClock_Config)
    SystemInit                               0x08004d09   Thumb Code    24  system_stm32f4xx.o(i.SystemInit)
    TIM6_DAC_IRQHandler                      0x08004d25   Thumb Code    10  stm32f4xx_it.o(i.TIM6_DAC_IRQHandler)
    TIM_Base_SetConfig                       0x08004d35   Thumb Code   170  stm32f4xx_hal_tim.o(i.TIM_Base_SetConfig)
    UsageFault_Handler                       0x08005261   Thumb Code     4  stm32f4xx_it.o(i.UsageFault_Handler)
    __0printf$8                              0x08005265   Thumb Code    22  printf8.o(i.__0printf$8)
    __1printf$8                              0x08005265   Thumb Code     0  printf8.o(i.__0printf$8)
    __2printf                                0x08005265   Thumb Code     0  printf8.o(i.__0printf$8)
    __scatterload_copy                       0x080052bd   Thumb Code    14  handlers.o(i.__scatterload_copy)
    __scatterload_null                       0x080052cb   Thumb Code     2  handlers.o(i.__scatterload_null)
    __scatterload_zeroinit                   0x080052cd   Thumb Code    14  handlers.o(i.__scatterload_zeroinit)
    bsp_debug_usart_init                     0x08005919   Thumb Code    12  debug_usart.o(i.bsp_debug_usart_init)
    bsp_led_init                             0x08005925   Thumb Code   124  bsp_led.o(i.bsp_led_init)
    bsp_usart1_dma2_init                     0x080059a9   Thumb Code   124  bsp_dma.o(i.bsp_usart1_dma2_init)
    fputc                                    0x08005ca5   Thumb Code    22  debug_usart.o(i.fputc)
    lv_anim_core_init                        0x08007185   Thumb Code    32  lv_anim.o(i.lv_anim_core_init)
    lv_anim_create                           0x080071b1   Thumb Code    80  lv_anim.o(i.lv_anim_create)
    lv_anim_del                              0x08007209   Thumb Code    80  lv_anim.o(i.lv_anim_del)
    lv_anim_path_linear                      0x08007261   Thumb Code    52  lv_anim.o(i.lv_anim_path_linear)
    lv_anim_speed_to_time                    0x08007295   Thumb Code    48  lv_anim.o(i.lv_anim_speed_to_time)
    lv_area_get_size                         0x0800730d   Thumb Code    34  lv_area.o(i.lv_area_get_size)
    lv_area_intersect                        0x08007375   Thumb Code   130  lv_area.o(i.lv_area_intersect)
    lv_area_is_in                            0x080073f7   Thumb Code    58  lv_area.o(i.lv_area_is_in)
    lv_area_is_on                            0x08007431   Thumb Code    58  lv_area.o(i.lv_area_is_on)
    lv_area_is_point_on                      0x0800746b   Thumb Code    58  lv_area.o(i.lv_area_is_point_on)
    lv_area_join                             0x080074a5   Thumb Code   100  lv_area.o(i.lv_area_join)
    lv_area_set                              0x08007509   Thumb Code    14  lv_area.o(i.lv_area_set)
    lv_circ_cont                             0x08007517   Thumb Code    22  lv_circ.o(i.lv_circ_cont)
    lv_circ_init                             0x0800752d   Thumb Code    16  lv_circ.o(i.lv_circ_init)
    lv_circ_next                             0x0800753d   Thumb Code    60  lv_circ.o(i.lv_circ_next)
    lv_disp_buf_init                         0x080076a1   Thumb Code    34  lv_hal_disp.o(i.lv_disp_buf_init)
    lv_disp_drv_init                         0x080076c5   Thumb Code    68  lv_hal_disp.o(i.lv_disp_drv_init)
    lv_disp_drv_register                     0x0800770d   Thumb Code   184  lv_hal_disp.o(i.lv_disp_drv_register)
    lv_disp_flush_ready                      0x080077d5   Thumb Code    14  lv_hal_disp.o(i.lv_disp_flush_ready)
    lv_disp_get_antialiasing                 0x080077e3   Thumb Code    26  lv_hal_disp.o(i.lv_disp_get_antialiasing)
    lv_disp_get_buf                          0x080077fd   Thumb Code     6  lv_hal_disp.o(i.lv_disp_get_buf)
    lv_disp_get_default                      0x08007805   Thumb Code     6  lv_hal_disp.o(i.lv_disp_get_default)
    lv_disp_get_hor_res                      0x08007811   Thumb Code    40  lv_hal_disp.o(i.lv_disp_get_hor_res)
    lv_disp_get_inv_buf_size                 0x08007839   Thumb Code    12  lv_hal_disp.o(i.lv_disp_get_inv_buf_size)
    lv_disp_get_layer_sys                    0x08007845   Thumb Code    22  lv_disp.o(i.lv_disp_get_layer_sys)
    lv_disp_get_layer_top                    0x0800785b   Thumb Code    22  lv_disp.o(i.lv_disp_get_layer_top)
    lv_disp_get_scr_act                      0x08007871   Thumb Code    22  lv_disp.o(i.lv_disp_get_scr_act)
    lv_disp_get_ver_res                      0x08007887   Thumb Code    40  lv_hal_disp.o(i.lv_disp_get_ver_res)
    lv_disp_is_double_buf                    0x080078af   Thumb Code    22  lv_hal_disp.o(i.lv_disp_is_double_buf)
    lv_disp_is_true_double_buf               0x080078c5   Thumb Code    36  lv_hal_disp.o(i.lv_disp_is_true_double_buf)
    lv_disp_pop_from_inv_buf                 0x080078e9   Thumb Code    36  lv_hal_disp.o(i.lv_disp_pop_from_inv_buf)
    lv_disp_refr_task                        0x0800790d   Thumb Code   344  lv_refr.o(i.lv_disp_refr_task)
    lv_draw_aa_get_opa                       0x08007a6d   Thumb Code    48  lv_draw.o(i.lv_draw_aa_get_opa)
    lv_draw_fill                             0x08007ae5   Thumb Code   158  lv_draw_basic.o(i.lv_draw_fill)
    lv_draw_free_buf                         0x08007b85   Thumb Code    28  lv_draw.o(i.lv_draw_free_buf)
    lv_draw_get_buf                          0x08007ba9   Thumb Code    84  lv_draw.o(i.lv_draw_get_buf)
    lv_draw_label                            0x08007c05   Thumb Code  1230  lv_draw_label.o(i.lv_draw_label)
    lv_draw_letter                           0x080080e5   Thumb Code   848  lv_draw_basic.o(i.lv_draw_letter)
    lv_draw_px                               0x0800844d   Thumb Code   214  lv_draw_basic.o(i.lv_draw_px)
    lv_draw_rect                             0x08008523   Thumb Code   144  lv_draw_rect.o(i.lv_draw_rect)
    lv_event_send                            0x0800b119   Thumb Code    36  lv_obj.o(i.lv_event_send)
    lv_event_send_func                       0x0800b13d   Thumb Code   146  lv_obj.o(i.lv_event_send_func)
    lv_font_get_bitmap_fmt_txt               0x0800b1d9   Thumb Code    52  lv_font_fmt_txt.o(i.lv_font_get_bitmap_fmt_txt)
    lv_font_get_glyph_bitmap                 0x0800b20d   Thumb Code    16  lv_font.o(i.lv_font_get_glyph_bitmap)
    lv_font_get_glyph_dsc                    0x0800b21d   Thumb Code    30  lv_font.o(i.lv_font_get_glyph_dsc)
    lv_font_get_glyph_dsc_fmt_txt            0x0800b23b   Thumb Code   132  lv_font_fmt_txt.o(i.lv_font_get_glyph_dsc_fmt_txt)
    lv_font_get_glyph_width                  0x0800b2bf   Thumb Code    38  lv_font.o(i.lv_font_get_glyph_width)
    lv_group_add_obj                         0x0800b2eb   Thumb Code   106  lv_group.o(i.lv_group_add_obj)
    lv_group_focus_next                      0x0800b355   Thumb Code    16  lv_group.o(i.lv_group_focus_next)
    lv_group_focus_obj                       0x0800b36d   Thumb Code   188  lv_group.o(i.lv_group_focus_obj)
    lv_group_focus_prev                      0x0800b429   Thumb Code    16  lv_group.o(i.lv_group_focus_prev)
    lv_group_get_click_focus                 0x0800b441   Thumb Code    18  lv_group.o(i.lv_group_get_click_focus)
    lv_group_get_editing                     0x0800b453   Thumb Code    18  lv_group.o(i.lv_group_get_editing)
    lv_group_get_focused                     0x0800b465   Thumb Code    22  lv_group.o(i.lv_group_get_focused)
    lv_group_init                            0x0800b47d   Thumb Code    12  lv_group.o(i.lv_group_init)
    lv_group_mod_style                       0x0800b48d   Thumb Code    62  lv_group.o(i.lv_group_mod_style)
    lv_group_send_data                       0x0800b511   Thumb Code    62  lv_group.o(i.lv_group_send_data)
    lv_group_set_editing                     0x0800b54f   Thumb Code    92  lv_group.o(i.lv_group_set_editing)
    lv_img_cache_invalidate_src              0x0800b5ad   Thumb Code    94  lv_img_cache.o(i.lv_img_cache_invalidate_src)
    lv_img_cache_set_size                    0x0800b615   Thumb Code   122  lv_img_cache.o(i.lv_img_cache_set_size)
    lv_img_color_format_get_px_size          0x0800b699   Thumb Code    76  lv_draw_img.o(i.lv_img_color_format_get_px_size)
    lv_img_decoder_built_in_close            0x0800b6e5   Thumb Code    32  lv_img_decoder.o(i.lv_img_decoder_built_in_close)
    lv_img_decoder_built_in_info             0x0800b705   Thumb Code   122  lv_img_decoder.o(i.lv_img_decoder_built_in_info)
    lv_img_decoder_built_in_open             0x0800baaf   Thumb Code   294  lv_img_decoder.o(i.lv_img_decoder_built_in_open)
    lv_img_decoder_built_in_read_line        0x0800bbd5   Thumb Code   200  lv_img_decoder.o(i.lv_img_decoder_built_in_read_line)
    lv_img_decoder_close                     0x0800bc9d   Thumb Code    24  lv_img_decoder.o(i.lv_img_decoder_close)
    lv_img_decoder_create                    0x0800bcb5   Thumb Code    36  lv_img_decoder.o(i.lv_img_decoder_create)
    lv_img_decoder_init                      0x0800bcdd   Thumb Code    62  lv_img_decoder.o(i.lv_img_decoder_init)
    lv_img_decoder_set_close_cb              0x0800bd31   Thumb Code     4  lv_img_decoder.o(i.lv_img_decoder_set_close_cb)
    lv_img_decoder_set_info_cb               0x0800bd35   Thumb Code     4  lv_img_decoder.o(i.lv_img_decoder_set_info_cb)
    lv_img_decoder_set_open_cb               0x0800bd39   Thumb Code     4  lv_img_decoder.o(i.lv_img_decoder_set_open_cb)
    lv_img_decoder_set_read_line_cb          0x0800bd3d   Thumb Code     4  lv_img_decoder.o(i.lv_img_decoder_set_read_line_cb)
    lv_img_src_get_type                      0x0800bd41   Thumb Code    42  lv_draw_img.o(i.lv_img_src_get_type)
    lv_indev_drv_init                        0x0800bd6b   Thumb Code    36  lv_hal_indev.o(i.lv_indev_drv_init)
    lv_indev_drv_register                    0x0800bd91   Thumb Code   100  lv_hal_indev.o(i.lv_indev_drv_register)
    lv_indev_get_act                         0x0800bdfd   Thumb Code     6  lv_indev.o(i.lv_indev_get_act)
    lv_indev_get_next                        0x0800be09   Thumb Code    24  lv_hal_indev.o(i.lv_indev_get_next)
    lv_indev_init                            0x0800be25   Thumb Code    10  lv_indev.o(i.lv_indev_init)
    lv_indev_read                            0x0800be2f   Thumb Code    62  lv_hal_indev.o(i.lv_indev_read)
    lv_indev_read_task                       0x0800be6d   Thumb Code   250  lv_indev.o(i.lv_indev_read_task)
    lv_indev_reset                           0x0800bf71   Thumb Code    62  lv_indev.o(i.lv_indev_reset)
    lv_init                                  0x0800bfb1   Thumb Code    76  lv_obj.o(i.lv_init)
    lv_inv_area                              0x0800c009   Thumb Code   224  lv_refr.o(i.lv_inv_area)
    lv_label_create                          0x0800c0ed   Thumb Code   456  lv_label.o(i.lv_label_create)
    lv_label_get_align                       0x0800c56f   Thumb Code    20  lv_label.o(i.lv_label_get_align)
    lv_label_get_body_draw                   0x0800c583   Thumb Code    20  lv_label.o(i.lv_label_get_body_draw)
    lv_label_get_letter_on                   0x0800c5b5   Thumb Code   386  lv_label.o(i.lv_label_get_letter_on)
    lv_label_get_long_mode                   0x0800c741   Thumb Code    20  lv_label.o(i.lv_label_get_long_mode)
    lv_label_get_recolor                     0x0800c755   Thumb Code    20  lv_label.o(i.lv_label_get_recolor)
    lv_label_get_text                        0x0800c769   Thumb Code    16  lv_label.o(i.lv_label_get_text)
    lv_label_get_text_sel_end                0x0800c779   Thumb Code     8  lv_label.o(i.lv_label_get_text_sel_end)
    lv_label_get_text_sel_start              0x0800c781   Thumb Code     8  lv_label.o(i.lv_label_get_text_sel_start)
    lv_label_set_align                       0x0800cbf5   Thumb Code    44  lv_label.o(i.lv_label_set_align)
    lv_label_set_body_draw                   0x0800cc21   Thumb Code    50  lv_label.o(i.lv_label_set_body_draw)
    lv_label_set_long_mode                   0x0800ccb5   Thumb Code   128  lv_label.o(i.lv_label_set_long_mode)
    lv_label_set_recolor                     0x0800cd75   Thumb Code    44  lv_label.o(i.lv_label_set_recolor)
    lv_label_set_static_text                 0x0800cda1   Thumb Code    58  lv_label.o(i.lv_label_set_static_text)
    lv_label_set_text                        0x0800cddb   Thumb Code   152  lv_label.o(i.lv_label_set_text)
    lv_label_test                            0x0800cfbd   Thumb Code    98  lvgl_task.o(i.lv_label_test)
    lv_ll_chg_list                           0x0800d051   Thumb Code   112  lv_ll.o(i.lv_ll_chg_list)
    lv_ll_get_head                           0x0800d0c1   Thumb Code    10  lv_ll.o(i.lv_ll_get_head)
    lv_ll_get_next                           0x0800d0cb   Thumb Code    22  lv_ll.o(i.lv_ll_get_next)
    lv_ll_get_prev                           0x0800d0e1   Thumb Code    20  lv_ll.o(i.lv_ll_get_prev)
    lv_ll_get_tail                           0x0800d0f5   Thumb Code    10  lv_ll.o(i.lv_ll_get_tail)
    lv_ll_init                               0x0800d0ff   Thumb Code    22  lv_ll.o(i.lv_ll_init)
    lv_ll_ins_head                           0x0800d115   Thumb Code    64  lv_ll.o(i.lv_ll_ins_head)
    lv_ll_ins_prev                           0x0800d155   Thumb Code   114  lv_ll.o(i.lv_ll_ins_prev)
    lv_ll_ins_tail                           0x0800d1c7   Thumb Code    70  lv_ll.o(i.lv_ll_ins_tail)
    lv_ll_is_empty                           0x0800d20d   Thumb Code    24  lv_ll.o(i.lv_ll_is_empty)
    lv_ll_move_before                        0x0800d225   Thumb Code   106  lv_ll.o(i.lv_ll_move_before)
    lv_ll_rem                                0x0800d28f   Thumb Code   138  lv_ll.o(i.lv_ll_rem)
    lv_mem_alloc                             0x0800d319   Thumb Code    70  lv_mem.o(i.lv_mem_alloc)
    lv_mem_free                              0x0800d365   Thumb Code   110  lv_mem.o(i.lv_mem_free)
    lv_mem_get_size                          0x0800d3d9   Thumb Code    26  lv_mem.o(i.lv_mem_get_size)
    lv_mem_init                              0x0800d3f9   Thumb Code    32  lv_mem.o(i.lv_mem_init)
    lv_mem_realloc                           0x0800d421   Thumb Code   108  lv_mem.o(i.lv_mem_realloc)
    lv_obj_align                             0x0800d48d   Thumb Code   946  lv_obj.o(i.lv_obj_align)
    lv_obj_align_origo                       0x0800d83f   Thumb Code   760  lv_obj.o(i.lv_obj_align_origo)
    lv_obj_allocate_ext_attr                 0x0800db37   Thumb Code    20  lv_obj.o(i.lv_obj_allocate_ext_attr)
    lv_obj_create                            0x0800db4d   Thumb Code   740  lv_obj.o(i.lv_obj_create)
    lv_obj_get_child                         0x0800df07   Thumb Code    34  lv_obj.o(i.lv_obj_get_child)
    lv_obj_get_click                         0x0800df29   Thumb Code    12  lv_obj.o(i.lv_obj_get_click)
    lv_obj_get_coords                        0x0800df35   Thumb Code    18  lv_obj.o(i.lv_obj_get_coords)
    lv_obj_get_disp                          0x0800df49   Thumb Code    88  lv_obj.o(i.lv_obj_get_disp)
    lv_obj_get_drag                          0x0800dfa5   Thumb Code    12  lv_obj.o(i.lv_obj_get_drag)
    lv_obj_get_drag_dir                      0x0800dfb1   Thumb Code    12  lv_obj.o(i.lv_obj_get_drag_dir)
    lv_obj_get_drag_parent                   0x0800dfbd   Thumb Code    12  lv_obj.o(i.lv_obj_get_drag_parent)
    lv_obj_get_drag_throw                    0x0800dfc9   Thumb Code    12  lv_obj.o(i.lv_obj_get_drag_throw)
    lv_obj_get_ext_attr                      0x0800dfd5   Thumb Code     6  lv_obj.o(i.lv_obj_get_ext_attr)
    lv_obj_get_group                         0x0800dfdb   Thumb Code     6  lv_obj.o(i.lv_obj_get_group)
    lv_obj_get_height                        0x0800dfe1   Thumb Code    16  lv_obj.o(i.lv_obj_get_height)
    lv_obj_get_hidden                        0x0800dff1   Thumb Code    12  lv_obj.o(i.lv_obj_get_hidden)
    lv_obj_get_opa_scale                     0x0800dffd   Thumb Code    40  lv_obj.o(i.lv_obj_get_opa_scale)
    lv_obj_get_parent                        0x0800e025   Thumb Code     6  lv_obj.o(i.lv_obj_get_parent)
    lv_obj_get_screen                        0x0800e02b   Thumb Code    26  lv_obj.o(i.lv_obj_get_screen)
    lv_obj_get_signal_cb                     0x0800e045   Thumb Code     6  lv_obj.o(i.lv_obj_get_signal_cb)
    lv_obj_get_style                         0x0800e04d   Thumb Code   108  lv_obj.o(i.lv_obj_get_style)
    lv_obj_get_width                         0x0800e0bd   Thumb Code    16  lv_obj.o(i.lv_obj_get_width)
    lv_obj_get_x                             0x0800e0cd   Thumb Code    24  lv_obj.o(i.lv_obj_get_x)
    lv_obj_get_y                             0x0800e0e5   Thumb Code    24  lv_obj.o(i.lv_obj_get_y)
    lv_obj_invalidate                        0x0800e0fd   Thumb Code   206  lv_obj.o(i.lv_obj_invalidate)
    lv_obj_is_focused                        0x0800e1cb   Thumb Code    26  lv_obj.o(i.lv_obj_is_focused)
    lv_obj_is_protected                      0x0800e1e5   Thumb Code    18  lv_obj.o(i.lv_obj_is_protected)
    lv_obj_move_foreground                   0x0800e1f7   Thumb Code    62  lv_obj.o(i.lv_obj_move_foreground)
    lv_obj_realign                           0x0800e235   Thumb Code    62  lv_obj.o(i.lv_obj_realign)
    lv_obj_refresh_ext_draw_pad              0x0800e273   Thumb Code    26  lv_obj.o(i.lv_obj_refresh_ext_draw_pad)
    lv_obj_refresh_style                     0x0800e28d   Thumb Code    28  lv_obj.o(i.lv_obj_refresh_style)
    lv_obj_set_click                         0x0800e2a9   Thumb Code    18  lv_obj.o(i.lv_obj_set_click)
    lv_obj_set_design_cb                     0x0800e2bb   Thumb Code     4  lv_obj.o(i.lv_obj_set_design_cb)
    lv_obj_set_height                        0x0800e2bf   Thumb Code    26  lv_obj.o(i.lv_obj_set_height)
    lv_obj_set_pos                           0x0800e2d9   Thumb Code   162  lv_obj.o(i.lv_obj_set_pos)
    lv_obj_set_signal_cb                     0x0800e37b   Thumb Code     4  lv_obj.o(i.lv_obj_set_signal_cb)
    lv_obj_set_size                          0x0800e37f   Thumb Code   158  lv_obj.o(i.lv_obj_set_size)
    lv_obj_set_style                         0x0800e41d   Thumb Code    22  lv_obj.o(i.lv_obj_set_style)
    lv_obj_set_x                             0x0800e433   Thumb Code    26  lv_obj.o(i.lv_obj_set_x)
    lv_obj_set_y                             0x0800e44d   Thumb Code    26  lv_obj.o(i.lv_obj_set_y)
    lv_port_disp_init                        0x0800e4d1   Thumb Code    60  lv_port_disp.o(i.lv_port_disp_init)
    lv_port_indev_init                       0x0800e51d   Thumb Code    38  lv_port_indev.o(i.lv_port_indev_init)
    lv_refr_get_disp_refreshing              0x0800e78d   Thumb Code     6  lv_refr.o(i.lv_refr_get_disp_refreshing)
    lv_refr_init                             0x0800e817   Thumb Code     2  lv_refr.o(i.lv_refr_init)
    lv_style_copy                            0x0800eac5   Thumb Code    18  lv_style.o(i.lv_style_copy)
    lv_style_init                            0x0800ead9   Thumb Code  1352  lv_style.o(i.lv_style_init)
    lv_task_core_init                        0x0800f031   Thumb Code    18  lv_task.o(i.lv_task_core_init)
    lv_task_create                           0x0800f049   Thumb Code    62  lv_task.o(i.lv_task_create)
    lv_task_create_basic                     0x0800f089   Thumb Code   156  lv_task.o(i.lv_task_create_basic)
    lv_task_del                              0x0800f12d   Thumb Code    34  lv_task.o(i.lv_task_del)
    lv_task_enable                           0x0800f15d   Thumb Code     6  lv_task.o(i.lv_task_enable)
    lv_task_handler                          0x0800f1b9   Thumb Code   330  lv_task.o(i.lv_task_handler)
    lv_task_ready                            0x0800f32d   Thumb Code    18  lv_task.o(i.lv_task_ready)
    lv_task_set_cb                           0x0800f33f   Thumb Code     4  lv_task.o(i.lv_task_set_cb)
    lv_task_set_period                       0x0800f343   Thumb Code     4  lv_task.o(i.lv_task_set_period)
    lv_task_set_prio                         0x0800f349   Thumb Code    94  lv_task.o(i.lv_task_set_prio)
    lv_theme_get_current                     0x0800f3ad   Thumb Code    14  lv_theme.o(i.lv_theme_get_current)
    lv_tick_elaps                            0x0800f3c5   Thumb Code    26  lv_hal_tick.o(i.lv_tick_elaps)
    lv_tick_get                              0x0800f3e1   Thumb Code    22  lv_hal_tick.o(i.lv_tick_get)
    lv_tick_inc                              0x0800f401   Thumb Code    18  lv_hal_tick.o(i.lv_tick_inc)
    lv_txt_get_next_line                     0x0800f41d   Thumb Code   272  lv_txt.o(i.lv_txt_get_next_line)
    lv_txt_get_size                          0x0800f53d   Thumb Code   204  lv_txt.o(i.lv_txt_get_size)
    lv_txt_get_width                         0x0800f609   Thumb Code   140  lv_txt.o(i.lv_txt_get_width)
    lv_txt_is_cmd                            0x0800f699   Thumb Code    66  lv_txt.o(i.lv_txt_is_cmd)
    lv_utils_bsearch                         0x0800fa21   Thumb Code    84  lv_utils.o(i.lv_utils_bsearch)
    main                                     0x0800fa75   Thumb Code   156  main.o(i.main)
    AHBPrescTable                            0x0800fe1a   Data          16  system_stm32f4xx.o(.constdata)
    APBPrescTable                            0x0800fe2a   Data           8  system_stm32f4xx.o(.constdata)
    Font24_Table                             0x0800fe32   Data        6840  bsp_lcd.o(.constdata)
    Font20_Table                             0x080118ea   Data        3800  bsp_lcd.o(.constdata)
    Font16_Table                             0x080127c2   Data        3040  bsp_lcd.o(.constdata)
    Font12_Table                             0x080133a2   Data        1140  bsp_lcd.o(.constdata)
    Font8_Table                              0x08013816   Data         760  bsp_lcd.o(.constdata)
    CTP_CFG_GT911                            0x08013b10   Data         186  gt9xx.o(.constdata)
    touch_param                              0x08013bca   Data          24  gt9xx.o(.constdata)
    Region$$Table$$Base                      0x08016198   Number         0  anon$$obj.o(Region$$Table)
    Region$$Table$$Limit                     0x080161b8   Number         0  anon$$obj.o(Region$$Table)
    uwTick                                   0x20000000   Data           4  stm32f4xx_hal.o(.data)
    uwTickPrio                               0x20000004   Data           4  stm32f4xx_hal.o(.data)
    uwTickFreq                               0x20000008   Data           1  stm32f4xx_hal.o(.data)
    SystemCoreClock                          0x2000000c   Data           4  system_stm32f4xx.o(.data)
    Font24                                   0x20000010   Data           8  bsp_lcd.o(.data)
    Font20                                   0x20000018   Data           8  bsp_lcd.o(.data)
    Font16                                   0x20000020   Data           8  bsp_lcd.o(.data)
    Font12                                   0x20000028   Data           8  bsp_lcd.o(.data)
    Font8                                    0x20000030   Data           8  bsp_lcd.o(.data)
    ltdc_framebuf                            0x2000003c   Data           8  bsp_lcd.o(.data)
    CTP_CFG_GT9157                           0x20000044   Data         186  gt9xx.o(.data)
    CTP_CFG_GT5688                           0x200000fe   Data         239  gt9xx.o(.data)
    CTP_CFG_GT917S                           0x200001ed   Data         239  gt9xx.o(.data)
    touchIC                                  0x200002dc   Data           1  gt9xx.o(.data)
    touch_read                               0x200002f2   Data           6  gt9xx.o(.data)
    lv_font_roboto_16                        0x20000f00   Data          16  lv_font_roboto_16.o(.data)
    _lv_img_cache_array                      0x20000f24   Data           4  lv_gc.o(.data)
    _lv_task_act                             0x20000f28   Data           4  lv_gc.o(.data)
    _lv_draw_buf                             0x20000f2c   Data           4  lv_gc.o(.data)
    lv_txt_encoded_size                      0x20000f4c   Data           4  lv_txt.o(.data)
    lv_txt_unicode_to_encoded                0x20000f50   Data           4  lv_txt.o(.data)
    lv_txt_encoded_conv_wc                   0x20000f54   Data           4  lv_txt.o(.data)
    lv_txt_encoded_next                      0x20000f58   Data           4  lv_txt.o(.data)
    lv_txt_encoded_prev                      0x20000f5c   Data           4  lv_txt.o(.data)
    lv_txt_encoded_get_byte_id               0x20000f60   Data           4  lv_txt.o(.data)
    lv_encoded_get_char_id                   0x20000f64   Data           4  lv_txt.o(.data)
    lv_txt_get_encoded_length                0x20000f68   Data           4  lv_txt.o(.data)
    indev_touchpad                           0x20000f74   Data           4  lv_port_indev.o(.data)
    indev_mouse                              0x20000f78   Data           4  lv_port_indev.o(.data)
    indev_keypad                             0x20000f7c   Data           4  lv_port_indev.o(.data)
    indev_encoder                            0x20000f80   Data           4  lv_port_indev.o(.data)
    indev_button                             0x20000f84   Data           4  lv_port_indev.o(.data)
    __stdout                                 0x20000f9c   Data           4  stdout.o(.data)
    huart1                                   0x20000fa0   Data          64  usart.o(.bss)
    htim6                                    0x20000fe0   Data          64  stm32f4xx_hal_timebase_tim.o(.bss)
    hsdram1                                  0x20001030   Data          52  bsp_sdram.o(.bss)
    Ltdc_Handler                             0x20001064   Data         168  bsp_lcd.o(.bss)
    Dma2d_Handler                            0x2000110c   Data          64  bsp_lcd.o(.bss)
    I2C_Handle                               0x20001194   Data          84  bsp_i2c_touch.o(.bss)
    hdma2_usart1                             0x200011e8   Data          96  bsp_dma.o(.bss)
    lv_style_scr                             0x20001248   Data          60  lv_style.o(.bss)
    lv_style_transp                          0x20001284   Data          60  lv_style.o(.bss)
    lv_style_transp_fit                      0x200012c0   Data          60  lv_style.o(.bss)
    lv_style_transp_tight                    0x200012fc   Data          60  lv_style.o(.bss)
    lv_style_plain                           0x20001338   Data          60  lv_style.o(.bss)
    lv_style_plain_color                     0x20001374   Data          60  lv_style.o(.bss)
    lv_style_pretty                          0x200013b0   Data          60  lv_style.o(.bss)
    lv_style_pretty_color                    0x200013ec   Data          60  lv_style.o(.bss)
    lv_style_btn_rel                         0x20001428   Data          60  lv_style.o(.bss)
    lv_style_btn_pr                          0x20001464   Data          60  lv_style.o(.bss)
    lv_style_btn_tgl_rel                     0x200014a0   Data          60  lv_style.o(.bss)
    lv_style_btn_tgl_pr                      0x200014dc   Data          60  lv_style.o(.bss)
    lv_style_btn_ina                         0x20001518   Data          60  lv_style.o(.bss)
    _lv_task_ll                              0x20001554   Data          12  lv_gc.o(.bss)
    _lv_disp_ll                              0x20001560   Data          12  lv_gc.o(.bss)
    _lv_indev_ll                             0x2000156c   Data          12  lv_gc.o(.bss)
    _lv_drv_ll                               0x20001578   Data          12  lv_gc.o(.bss)
    _lv_file_ll                              0x20001584   Data          12  lv_gc.o(.bss)
    _lv_anim_ll                              0x20001590   Data          12  lv_gc.o(.bss)
    _lv_group_ll                             0x2000159c   Data          12  lv_gc.o(.bss)
    _lv_img_defoder_ll                       0x200015a8   Data          12  lv_gc.o(.bss)
    __initial_sp                             0x20003858   Data           0  startup_stm32f429xx.o(STACK)



==============================================================================

Memory Map of the image

  Image Entry point : 0x080001ad

  Load Region LR_IROM1 (Base: 0x08000000, Size: 0x00017158, Max: 0x00100000, ABSOLUTE, COMPRESSED[0x00016a10])

    Execution Region ER_IROM1 (Exec base: 0x08000000, Load base: 0x08000000, Size: 0x000161b8, Max: 0x00100000, ABSOLUTE)

    Exec Addr    Load Addr    Size         Type   Attr      Idx    E Section Name        Object

    0x08000000   0x08000000   0x000001ac   Data   RO            3    RESET               startup_stm32f429xx.o
    0x080001ac   0x080001ac   0x00000000   Code   RO        16888  * .ARM.Collect$$$$00000000  mc_w.l(entry.o)
    0x080001ac   0x080001ac   0x00000004   Code   RO        17168    .ARM.Collect$$$$00000001  mc_w.l(entry2.o)
    0x080001b0   0x080001b0   0x00000004   Code   RO        17171    .ARM.Collect$$$$00000004  mc_w.l(entry5.o)
    0x080001b4   0x080001b4   0x00000000   Code   RO        17173    .ARM.Collect$$$$00000008  mc_w.l(entry7b.o)
    0x080001b4   0x080001b4   0x00000000   Code   RO        17175    .ARM.Collect$$$$0000000A  mc_w.l(entry8b.o)
    0x080001b4   0x080001b4   0x00000008   Code   RO        17176    .ARM.Collect$$$$0000000B  mc_w.l(entry9a.o)
    0x080001bc   0x080001bc   0x00000000   Code   RO        17178    .ARM.Collect$$$$0000000D  mc_w.l(entry10a.o)
    0x080001bc   0x080001bc   0x00000000   Code   RO        17180    .ARM.Collect$$$$0000000F  mc_w.l(entry11a.o)
    0x080001bc   0x080001bc   0x00000004   Code   RO        17169    .ARM.Collect$$$$00002712  mc_w.l(entry2.o)
    0x080001c0   0x080001c0   0x00000024   Code   RO            4    .text               startup_stm32f429xx.o
    0x080001e4   0x080001e4   0x00000062   Code   RO        16891    .text               mc_w.l(uldiv.o)
    0x08000246   0x08000246   0x00000024   Code   RO        16893    .text               mc_w.l(memcpya.o)
    0x0800026a   0x0800026a   0x00000024   Code   RO        16895    .text               mc_w.l(memseta.o)
    0x0800028e   0x0800028e   0x0000000e   Code   RO        16897    .text               mc_w.l(strlen.o)
    0x0800029c   0x0800029c   0x00000012   Code   RO        16903    .text               mc_w.l(strcpy.o)
    0x080002ae   0x080002ae   0x0000001e   Code   RO        17185    .text               mc_w.l(llshl.o)
    0x080002cc   0x080002cc   0x00000020   Code   RO        17187    .text               mc_w.l(llushr.o)
    0x080002ec   0x080002ec   0x00000024   Code   RO        17200    .text               mc_w.l(init.o)
    0x08000310   0x08000310   0x00000056   Code   RO        17214    .text               mc_w.l(__dczerorl2.o)
    0x08000366   0x08000366   0x00000002   PAD
    0x08000368   0x08000368   0x00000020   Code   RO         5354    i.BSP_LCD_GetXSize  bsp_lcd.o
    0x08000388   0x08000388   0x00000020   Code   RO         5355    i.BSP_LCD_GetYSize  bsp_lcd.o
    0x080003a8   0x080003a8   0x000000dc   Code   RO         5356    i.BSP_LCD_Init      bsp_lcd.o
    0x08000484   0x08000484   0x00000004   Code   RO          566    i.BusFault_Handler  stm32f4xx_it.o
    0x08000488   0x08000488   0x000000e6   Code   RO         3250    i.DMA2D_SetConfig   stm32f4xx_hal_dma2d.o
    0x0800056e   0x0800056e   0x00000002   PAD
    0x08000570   0x08000570   0x00000034   Code   RO         2542    i.DMA_CalcBaseAndBitshift  stm32f4xx_hal_dma.o
    0x080005a4   0x080005a4   0x000000aa   Code   RO         2543    i.DMA_CheckFifoParam  stm32f4xx_hal_dma.o
    0x0800064e   0x0800064e   0x00000002   Code   RO          567    i.DebugMon_Handler  stm32f4xx_it.o
    0x08000650   0x08000650   0x00000012   Code   RO         5678    i.Delay             bsp_i2c_touch.o
    0x08000662   0x08000662   0x00000002   PAD
    0x08000664   0x08000664   0x00000020   Code   RO         5752    i.EXTI15_10_IRQHandler  gt9xx.o
    0x08000684   0x08000684   0x00000002   Code   RO           13    i.Error_Handler     main.o
    0x08000686   0x08000686   0x00000074   Code   RO         3892    i.FMC_SDRAM_Init    stm32f4xx_ll_fmc.o
    0x080006fa   0x080006fa   0x0000000e   Code   RO         3893    i.FMC_SDRAM_ProgramRefreshRate  stm32f4xx_ll_fmc.o
    0x08000708   0x08000708   0x00000052   Code   RO         3894    i.FMC_SDRAM_SendCommand  stm32f4xx_ll_fmc.o
    0x0800075a   0x0800075a   0x00000002   PAD
    0x0800075c   0x0800075c   0x0000009c   Code   RO         3896    i.FMC_SDRAM_Timing_Init  stm32f4xx_ll_fmc.o
    0x080007f8   0x080007f8   0x00000128   Code   RO         5753    i.GTP_Get_Info      gt9xx.o
    0x08000920   0x08000920   0x00000084   Code   RO         5754    i.GTP_I2C_Read      gt9xx.o
    0x080009a4   0x080009a4   0x0000009c   Code   RO         5756    i.GTP_I2C_Test      gt9xx.o
    0x08000a40   0x08000a40   0x00000060   Code   RO         5757    i.GTP_I2C_Write     gt9xx.o
    0x08000aa0   0x08000aa0   0x00000060   Code   RO         5760    i.GTP_Init_Panel    gt9xx.o
    0x08000b00   0x08000b00   0x00000308   Code   RO         5761    i.GTP_Read_Version  gt9xx.o
    0x08000e08   0x08000e08   0x0000000c   Code   RO         5764    i.GTP_TouchProcess  gt9xx.o
    0x08000e14   0x08000e14   0x00000084   Code   RO         5765    i.GTP_Touch_Down    gt9xx.o
    0x08000e98   0x08000e98   0x0000006c   Code   RO         5766    i.GTP_Touch_Up      gt9xx.o
    0x08000f04   0x08000f04   0x000001f0   Code   RO         5768    i.Goodix_TS_Work_Func  gt9xx.o
    0x080010f4   0x080010f4   0x000000cc   Code   RO         3264    i.HAL_DMA2D_ConfigLayer  stm32f4xx_hal_dma2d.o
    0x080011c0   0x080011c0   0x00000060   Code   RO         3272    i.HAL_DMA2D_Init    stm32f4xx_hal_dma2d.o
    0x08001220   0x08001220   0x00000002   Code   RO         3275    i.HAL_DMA2D_MspInit  stm32f4xx_hal_dma2d.o
    0x08001222   0x08001222   0x00000166   Code   RO         3276    i.HAL_DMA2D_PollForTransfer  stm32f4xx_hal_dma2d.o
    0x08001388   0x08001388   0x0000004e   Code   RO         3279    i.HAL_DMA2D_Start   stm32f4xx_hal_dma2d.o
    0x080013d6   0x080013d6   0x00000002   PAD
    0x080013d8   0x080013d8   0x000000ec   Code   RO         2551    i.HAL_DMA_Init      stm32f4xx_hal_dma.o
    0x080014c4   0x080014c4   0x00000028   Code   RO         2987    i.HAL_Delay         stm32f4xx_hal.o
    0x080014ec   0x080014ec   0x0000021c   Code   RO         2438    i.HAL_GPIO_Init     stm32f4xx_hal_gpio.o
    0x08001708   0x08001708   0x0000000c   Code   RO         2442    i.HAL_GPIO_WritePin  stm32f4xx_hal_gpio.o
    0x08001714   0x08001714   0x0000000c   Code   RO         2995    i.HAL_GetTick       stm32f4xx_hal.o
    0x08001720   0x08001720   0x0000004c   Code   RO         4519    i.HAL_I2CEx_ConfigAnalogFilter  stm32f4xx_hal_i2c_ex.o
    0x0800176c   0x0800176c   0x000001d0   Code   RO         4063    i.HAL_I2C_Init      stm32f4xx_hal_i2c.o
    0x0800193c   0x0800193c   0x000002f8   Code   RO         4069    i.HAL_I2C_Master_Receive  stm32f4xx_hal_i2c.o
    0x08001c34   0x08001c34   0x00000170   Code   RO         4076    i.HAL_I2C_Master_Transmit  stm32f4xx_hal_i2c.o
    0x08001da4   0x08001da4   0x00000002   Code   RO         4088    i.HAL_I2C_MspInit   stm32f4xx_hal_i2c.o
    0x08001da6   0x08001da6   0x00000002   PAD
    0x08001da8   0x08001da8   0x00000018   Code   RO         3001    i.HAL_IncTick       stm32f4xx_hal.o
    0x08001dc0   0x08001dc0   0x0000003c   Code   RO         3002    i.HAL_Init          stm32f4xx_hal.o
    0x08001dfc   0x08001dfc   0x0000008c   Code   RO          672    i.HAL_InitTick      stm32f4xx_hal_timebase_tim.o
    0x08001e88   0x08001e88   0x0000005e   Code   RO         3462    i.HAL_LTDC_ConfigLayer  stm32f4xx_hal_ltdc.o
    0x08001ee6   0x08001ee6   0x00000002   PAD
    0x08001ee8   0x08001ee8   0x00000118   Code   RO         3479    i.HAL_LTDC_Init     stm32f4xx_hal_ltdc.o
    0x08002000   0x08002000   0x00000002   Code   RO         3482    i.HAL_LTDC_MspInit  stm32f4xx_hal_ltdc.o
    0x08002002   0x08002002   0x0000005c   Code   RO         3488    i.HAL_LTDC_SetAlpha  stm32f4xx_hal_ltdc.o
    0x0800205e   0x0800205e   0x00000002   PAD
    0x08002060   0x08002060   0x00000048   Code   RO          648    i.HAL_MspInit       stm32f4xx_hal_msp.o
    0x080020a8   0x080020a8   0x00000044   Code   RO         2844    i.HAL_NVIC_DisableIRQ  stm32f4xx_hal_cortex.o
    0x080020ec   0x080020ec   0x00000020   Code   RO         2845    i.HAL_NVIC_EnableIRQ  stm32f4xx_hal_cortex.o
    0x0800210c   0x0800210c   0x0000007c   Code   RO         2851    i.HAL_NVIC_SetPriority  stm32f4xx_hal_cortex.o
    0x08002188   0x08002188   0x00000028   Code   RO         2852    i.HAL_NVIC_SetPriorityGrouping  stm32f4xx_hal_cortex.o
    0x080021b0   0x080021b0   0x0000008c   Code   RO         2774    i.HAL_PWREx_EnableOverDrive  stm32f4xx_hal_pwr_ex.o
    0x0800223c   0x0800223c   0x00000304   Code   RO         2089    i.HAL_RCCEx_PeriphCLKConfig  stm32f4xx_hal_rcc_ex.o
    0x08002540   0x08002540   0x00000184   Code   RO         1982    i.HAL_RCC_ClockConfig  stm32f4xx_hal_rcc.o
    0x080026c4   0x080026c4   0x00000044   Code   RO         1986    i.HAL_RCC_GetClockConfig  stm32f4xx_hal_rcc.o
    0x08002708   0x08002708   0x0000000c   Code   RO         1987    i.HAL_RCC_GetHCLKFreq  stm32f4xx_hal_rcc.o
    0x08002714   0x08002714   0x00000020   Code   RO         1989    i.HAL_RCC_GetPCLK1Freq  stm32f4xx_hal_rcc.o
    0x08002734   0x08002734   0x00000020   Code   RO         1990    i.HAL_RCC_GetPCLK2Freq  stm32f4xx_hal_rcc.o
    0x08002754   0x08002754   0x000000b0   Code   RO         1991    i.HAL_RCC_GetSysClockFreq  stm32f4xx_hal_rcc.o
    0x08002804   0x08002804   0x00000488   Code   RO         1994    i.HAL_RCC_OscConfig  stm32f4xx_hal_rcc.o
    0x08002c8c   0x08002c8c   0x00000040   Code   RO         3722    i.HAL_SDRAM_Init    stm32f4xx_hal_sdram.o
    0x08002ccc   0x08002ccc   0x00000002   Code   RO         3724    i.HAL_SDRAM_MspInit  stm32f4xx_hal_sdram.o
    0x08002cce   0x08002cce   0x00000028   Code   RO         3725    i.HAL_SDRAM_ProgramRefreshRate  stm32f4xx_hal_sdram.o
    0x08002cf6   0x08002cf6   0x0000003a   Code   RO         3731    i.HAL_SDRAM_SendCommand  stm32f4xx_hal_sdram.o
    0x08002d30   0x08002d30   0x00000002   Code   RO         1399    i.HAL_TIMEx_BreakCallback  stm32f4xx_hal_tim_ex.o
    0x08002d32   0x08002d32   0x00000002   Code   RO         1400    i.HAL_TIMEx_CommutCallback  stm32f4xx_hal_tim_ex.o
    0x08002d34   0x08002d34   0x00000034   Code   RO          713    i.HAL_TIM_Base_Init  stm32f4xx_hal_tim.o
    0x08002d68   0x08002d68   0x00000002   Code   RO          715    i.HAL_TIM_Base_MspInit  stm32f4xx_hal_tim.o
    0x08002d6a   0x08002d6a   0x0000002a   Code   RO          718    i.HAL_TIM_Base_Start_IT  stm32f4xx_hal_tim.o
    0x08002d94   0x08002d94   0x00000002   Code   RO          742    i.HAL_TIM_IC_CaptureCallback  stm32f4xx_hal_tim.o
    0x08002d96   0x08002d96   0x00000196   Code   RO          756    i.HAL_TIM_IRQHandler  stm32f4xx_hal_tim.o
    0x08002f2c   0x08002f2c   0x00000002   Code   RO          759    i.HAL_TIM_OC_DelayElapsedCallback  stm32f4xx_hal_tim.o
    0x08002f2e   0x08002f2e   0x00000002   Code   RO          786    i.HAL_TIM_PWM_PulseFinishedCallback  stm32f4xx_hal_tim.o
    0x08002f30   0x08002f30   0x0000001c   Code   RO           14    i.HAL_TIM_PeriodElapsedCallback  main.o
    0x08002f4c   0x08002f4c   0x00000002   Code   RO          799    i.HAL_TIM_TriggerCallback  stm32f4xx_hal_tim.o
    0x08002f4e   0x08002f4e   0x00000072   Code   RO         1675    i.HAL_UART_Init     stm32f4xx_hal_uart.o
    0x08002fc0   0x08002fc0   0x00000088   Code   RO          525    i.HAL_UART_MspInit  usart.o
    0x08003048   0x08003048   0x000000d8   Code   RO         1683    i.HAL_UART_Transmit  stm32f4xx_hal_uart.o
    0x08003120   0x08003120   0x0000003c   Code   RO          568    i.HardFault_Handler  stm32f4xx_it.o
    0x0800315c   0x0800315c   0x00000110   Code   RO         5679    i.I2C_GPIO_Config   bsp_i2c_touch.o
    0x0800326c   0x0800326c   0x00000054   Code   RO         5680    i.I2C_GTP_IRQDisable  bsp_i2c_touch.o
    0x080032c0   0x080032c0   0x0000005c   Code   RO         5681    i.I2C_GTP_IRQEnable  bsp_i2c_touch.o
    0x0800331c   0x0800331c   0x0000003e   Code   RO         4106    i.I2C_IsAcknowledgeFailed  stm32f4xx_hal_i2c.o
    0x0800335a   0x0800335a   0x00000002   PAD
    0x0800335c   0x0800335c   0x00000130   Code   RO         4109    i.I2C_MasterRequestRead  stm32f4xx_hal_i2c.o
    0x0800348c   0x0800348c   0x000000bc   Code   RO         4110    i.I2C_MasterRequestWrite  stm32f4xx_hal_i2c.o
    0x08003548   0x08003548   0x00000040   Code   RO         5682    i.I2C_Mode_Config   bsp_i2c_touch.o
    0x08003588   0x08003588   0x0000002c   Code   RO         5683    i.I2C_ReadBytes     bsp_i2c_touch.o
    0x080035b4   0x080035b4   0x00000084   Code   RO         5684    i.I2C_ResetChip     bsp_i2c_touch.o
    0x08003638   0x08003638   0x00000014   Code   RO         5685    i.I2C_Touch_Init    bsp_i2c_touch.o
    0x0800364c   0x0800364c   0x0000007e   Code   RO         5769    i.I2C_Transfer      gt9xx.o
    0x080036ca   0x080036ca   0x0000005c   Code   RO         4126    i.I2C_WaitOnBTFFlagUntilTimeout  stm32f4xx_hal_i2c.o
    0x08003726   0x08003726   0x00000086   Code   RO         4127    i.I2C_WaitOnFlagUntilTimeout  stm32f4xx_hal_i2c.o
    0x080037ac   0x080037ac   0x000000c4   Code   RO         4128    i.I2C_WaitOnMasterAddressFlagUntilTimeout  stm32f4xx_hal_i2c.o
    0x08003870   0x08003870   0x00000080   Code   RO         4129    i.I2C_WaitOnRXNEFlagUntilTimeout  stm32f4xx_hal_i2c.o
    0x080038f0   0x080038f0   0x0000005c   Code   RO         4131    i.I2C_WaitOnTXEFlagUntilTimeout  stm32f4xx_hal_i2c.o
    0x0800394c   0x0800394c   0x0000002c   Code   RO         5686    i.I2C_WriteBytes    bsp_i2c_touch.o
    0x08003978   0x08003978   0x00000040   Code   RO         5359    i.LCD_Clear         bsp_lcd.o
    0x080039b8   0x080039b8   0x00000030   Code   RO         5364    i.LCD_DisplayOn     bsp_lcd.o
    0x080039e8   0x080039e8   0x000005cc   Code   RO         5375    i.LCD_GPIO_Config   bsp_lcd.o
    0x08003fb4   0x08003fb4   0x000000a0   Code   RO         5379    i.LCD_LayerInit     bsp_lcd.o
    0x08004054   0x08004054   0x0000000c   Code   RO         5381    i.LCD_SelectLayer   bsp_lcd.o
    0x08004060   0x08004060   0x0000001c   Code   RO         5384    i.LCD_SetFont       bsp_lcd.o
    0x0800407c   0x0800407c   0x00000018   Code   RO         5389    i.LCD_SetTransparency  bsp_lcd.o
    0x08004094   0x08004094   0x00000100   Code   RO         5393    i.LL_FillBuffer     bsp_lcd.o
    0x08004194   0x08004194   0x00000210   Code   RO         3498    i.LTDC_SetConfig    stm32f4xx_hal_ltdc.o
    0x080043a4   0x080043a4   0x00000084   Code   RO          500    i.MX_GPIO_Init      gpio.o
    0x08004428   0x08004428   0x00000038   Code   RO          526    i.MX_USART1_UART_Init  usart.o
    0x08004460   0x08004460   0x00000004   Code   RO          569    i.MemManage_Handler  stm32f4xx_it.o
    0x08004464   0x08004464   0x00000002   Code   RO          570    i.NMI_Handler       stm32f4xx_it.o
    0x08004466   0x08004466   0x00000002   Code   RO          571    i.PendSV_Handler    stm32f4xx_it.o
    0x08004468   0x08004468   0x0000069c   Code   RO         5289    i.SDRAM_GPIO_Config  bsp_sdram.o
    0x08004b04   0x08004b04   0x00000090   Code   RO         5290    i.SDRAM_Init        bsp_sdram.o
    0x08004b94   0x08004b94   0x00000090   Code   RO         5291    i.SDRAM_InitSequence  bsp_sdram.o
    0x08004c24   0x08004c24   0x00000024   Code   RO         5295    i.SDRAM_delay       bsp_sdram.o
    0x08004c48   0x08004c48   0x00000002   Code   RO          572    i.SVC_Handler       stm32f4xx_it.o
    0x08004c4a   0x08004c4a   0x00000002   Code   RO          573    i.SysTick_Handler   stm32f4xx_it.o
    0x08004c4c   0x08004c4c   0x000000bc   Code   RO           15    i.SystemClock_Config  main.o
    0x08004d08   0x08004d08   0x0000001c   Code   RO         5081    i.SystemInit        system_stm32f4xx.o
    0x08004d24   0x08004d24   0x00000010   Code   RO          574    i.TIM6_DAC_IRQHandler  stm32f4xx_it.o
    0x08004d34   0x08004d34   0x000000d8   Code   RO          801    i.TIM_Base_SetConfig  stm32f4xx_hal_tim.o
    0x08004e0c   0x08004e0c   0x000003e8   Code   RO         1702    i.UART_SetConfig    stm32f4xx_hal_uart.o
    0x080051f4   0x080051f4   0x0000006c   Code   RO         1704    i.UART_WaitOnFlagUntilTimeout  stm32f4xx_hal_uart.o
    0x08005260   0x08005260   0x00000004   Code   RO          575    i.UsageFault_Handler  stm32f4xx_it.o
    0x08005264   0x08005264   0x00000020   Code   RO        17114    i.__0printf$8       mc_w.l(printf8.o)
    0x08005284   0x08005284   0x00000010   Code   RO         2858    i.__NVIC_GetPriorityGrouping  stm32f4xx_hal_cortex.o
    0x08005294   0x08005294   0x00000028   Code   RO         2859    i.__NVIC_SetPriority  stm32f4xx_hal_cortex.o
    0x080052bc   0x080052bc   0x0000000e   Code   RO        17208    i.__scatterload_copy  mc_w.l(handlers.o)
    0x080052ca   0x080052ca   0x00000002   Code   RO        17209    i.__scatterload_null  mc_w.l(handlers.o)
    0x080052cc   0x080052cc   0x0000000e   Code   RO        17210    i.__scatterload_zeroinit  mc_w.l(handlers.o)
    0x080052da   0x080052da   0x00000002   PAD
    0x080052dc   0x080052dc   0x00000410   Code   RO        17121    i._printf_core      mc_w.l(printf8.o)
    0x080056ec   0x080056ec   0x00000024   Code   RO        17122    i._printf_post_padding  mc_w.l(printf8.o)
    0x08005710   0x08005710   0x0000002e   Code   RO        17123    i._printf_pre_padding  mc_w.l(printf8.o)
    0x0800573e   0x0800573e   0x00000002   PAD
    0x08005740   0x08005740   0x000000b4   Code   RO         8954    i.anim_ready_handler  lv_anim.o
    0x080057f4   0x080057f4   0x000000d0   Code   RO         8955    i.anim_task         lv_anim.o
    0x080058c4   0x080058c4   0x00000054   Code   RO         7834    i.antialias_get_opa_circ  lv_draw_rect.o
    0x08005918   0x08005918   0x0000000c   Code   RO         5229    i.bsp_debug_usart_init  debug_usart.o
    0x08005924   0x08005924   0x00000084   Code   RO         5166    i.bsp_led_init      bsp_led.o
    0x080059a8   0x080059a8   0x000000b0   Code   RO         5905    i.bsp_usart1_dma2_init  bsp_dma.o
    0x08005a58   0x08005a58   0x000000a4   Code   RO        16097    i.disp_flush        lv_port_disp.o
    0x08005afc   0x08005afc   0x00000002   Code   RO        16098    i.disp_init         lv_port_disp.o
    0x08005afe   0x08005afe   0x00000030   Code   RO         9437    i.ent_alloc         lv_mem.o
    0x08005b2e   0x08005b2e   0x00000002   PAD
    0x08005b30   0x08005b30   0x00000030   Code   RO         9438    i.ent_get_next      lv_mem.o
    0x08005b60   0x08005b60   0x0000004c   Code   RO         9439    i.ent_trunc         lv_mem.o
    0x08005bac   0x08005bac   0x000000f6   Code   RO         6048    i.focus_next_core   lv_group.o
    0x08005ca2   0x08005ca2   0x00000002   PAD
    0x08005ca4   0x08005ca4   0x0000001c   Code   RO         5231    i.fputc             debug_usart.o
    0x08005cc0   0x08005cc0   0x0000019c   Code   RO         8224    i.get_glyph_dsc_id  lv_font_fmt_txt.o
    0x08005e5c   0x08005e5c   0x000000d8   Code   RO         8225    i.get_kern_value    lv_font_fmt_txt.o
    0x08005f34   0x08005f34   0x00000050   Code   RO         7720    i.hex_char_to_num   lv_draw_label.o
    0x08005f84   0x08005f84   0x00000056   Code   RO         6338    i.indev_button_proc  lv_indev.o
    0x08005fda   0x08005fda   0x00000002   PAD
    0x08005fdc   0x08005fdc   0x00000238   Code   RO         6339    i.indev_drag        lv_indev.o
    0x08006214   0x08006214   0x000001b0   Code   RO         6340    i.indev_drag_throw  lv_indev.o
    0x080063c4   0x080063c4   0x0000037c   Code   RO         6341    i.indev_encoder_proc  lv_indev.o
    0x08006740   0x08006740   0x000002fc   Code   RO         6342    i.indev_keypad_proc  lv_indev.o
    0x08006a3c   0x08006a3c   0x0000005a   Code   RO         6343    i.indev_pointer_proc  lv_indev.o
    0x08006a96   0x08006a96   0x00000002   PAD
    0x08006a98   0x08006a98   0x00000360   Code   RO         6344    i.indev_proc_press  lv_indev.o
    0x08006df8   0x08006df8   0x00000258   Code   RO         6345    i.indev_proc_release  lv_indev.o
    0x08007050   0x08007050   0x0000005c   Code   RO         6346    i.indev_proc_reset_query_handler  lv_indev.o
    0x080070ac   0x080070ac   0x00000020   Code   RO         6347    i.indev_reset_check  lv_indev.o
    0x080070cc   0x080070cc   0x00000076   Code   RO         6348    i.indev_search_obj  lv_indev.o
    0x08007142   0x08007142   0x00000020   Code   RO         8226    i.kern_pair_16_compare  lv_font_fmt_txt.o
    0x08007162   0x08007162   0x00000020   Code   RO         8227    i.kern_pair_8_compare  lv_font_fmt_txt.o
    0x08007182   0x08007182   0x00000002   PAD
    0x08007184   0x08007184   0x0000002c   Code   RO         8956    i.lv_anim_core_init  lv_anim.o
    0x080071b0   0x080071b0   0x00000058   Code   RO         8958    i.lv_anim_create    lv_anim.o
    0x08007208   0x08007208   0x00000058   Code   RO         8959    i.lv_anim_del       lv_anim.o
    0x08007260   0x08007260   0x00000034   Code   RO         8965    i.lv_anim_path_linear  lv_anim.o
    0x08007294   0x08007294   0x00000030   Code   RO         8968    i.lv_anim_speed_to_time  lv_anim.o
    0x080072c4   0x080072c4   0x0000000a   Code   RO         6535    i.lv_area_copy      lv_obj.o
    0x080072ce   0x080072ce   0x0000000a   Code   RO         7168    i.lv_area_copy      lv_refr.o
    0x080072d8   0x080072d8   0x0000000a   Code   RO         7835    i.lv_area_copy      lv_draw_rect.o
    0x080072e2   0x080072e2   0x0000000e   Code   RO         7169    i.lv_area_get_height  lv_refr.o
    0x080072f0   0x080072f0   0x0000000e   Code   RO         7836    i.lv_area_get_height  lv_draw_rect.o
    0x080072fe   0x080072fe   0x0000000e   Code   RO        11831    i.lv_area_get_height  lv_label.o
    0x0800730c   0x0800730c   0x00000022   Code   RO         9104    i.lv_area_get_size  lv_area.o
    0x0800732e   0x0800732e   0x0000000e   Code   RO         7170    i.lv_area_get_width  lv_refr.o
    0x0800733c   0x0800733c   0x0000000e   Code   RO         7513    i.lv_area_get_width  lv_draw_basic.o
    0x0800734a   0x0800734a   0x0000000e   Code   RO         7721    i.lv_area_get_width  lv_draw_label.o
    0x08007358   0x08007358   0x0000000e   Code   RO         7837    i.lv_area_get_width  lv_draw_rect.o
    0x08007366   0x08007366   0x0000000e   Code   RO        11832    i.lv_area_get_width  lv_label.o
    0x08007374   0x08007374   0x00000082   Code   RO         9105    i.lv_area_intersect  lv_area.o
    0x080073f6   0x080073f6   0x0000003a   Code   RO         9106    i.lv_area_is_in     lv_area.o
    0x08007430   0x08007430   0x0000003a   Code   RO         9107    i.lv_area_is_on     lv_area.o
    0x0800746a   0x0800746a   0x0000003a   Code   RO         9108    i.lv_area_is_point_on  lv_area.o
    0x080074a4   0x080074a4   0x00000064   Code   RO         9109    i.lv_area_join      lv_area.o
    0x08007508   0x08007508   0x0000000e   Code   RO         9110    i.lv_area_set       lv_area.o
    0x08007516   0x08007516   0x00000016   Code   RO         9202    i.lv_circ_cont      lv_circ.o
    0x0800752c   0x0800752c   0x00000010   Code   RO         9203    i.lv_circ_init      lv_circ.o
    0x0800753c   0x0800753c   0x0000003c   Code   RO         9204    i.lv_circ_next      lv_circ.o
    0x08007578   0x08007578   0x00000030   Code   RO         7283    i.lv_color_make     lv_style.o
    0x080075a8   0x080075a8   0x0000007c   Code   RO         7514    i.lv_color_mix      lv_draw_basic.o
    0x08007624   0x08007624   0x0000007c   Code   RO         7838    i.lv_color_mix      lv_draw_rect.o
    0x080076a0   0x080076a0   0x00000022   Code   RO         8659    i.lv_disp_buf_init  lv_hal_disp.o
    0x080076c2   0x080076c2   0x00000002   PAD
    0x080076c4   0x080076c4   0x00000048   Code   RO         8660    i.lv_disp_drv_init  lv_hal_disp.o
    0x0800770c   0x0800770c   0x000000c8   Code   RO         8661    i.lv_disp_drv_register  lv_hal_disp.o
    0x080077d4   0x080077d4   0x0000000e   Code   RO         8663    i.lv_disp_flush_ready  lv_hal_disp.o
    0x080077e2   0x080077e2   0x0000001a   Code   RO         8664    i.lv_disp_get_antialiasing  lv_hal_disp.o
    0x080077fc   0x080077fc   0x00000006   Code   RO         8665    i.lv_disp_get_buf   lv_hal_disp.o
    0x08007802   0x08007802   0x00000002   PAD
    0x08007804   0x08007804   0x0000000c   Code   RO         8666    i.lv_disp_get_default  lv_hal_disp.o
    0x08007810   0x08007810   0x00000028   Code   RO         8667    i.lv_disp_get_hor_res  lv_hal_disp.o
    0x08007838   0x08007838   0x0000000c   Code   RO         8668    i.lv_disp_get_inv_buf_size  lv_hal_disp.o
    0x08007844   0x08007844   0x00000016   Code   RO         5934    i.lv_disp_get_layer_sys  lv_disp.o
    0x0800785a   0x0800785a   0x00000016   Code   RO         5935    i.lv_disp_get_layer_top  lv_disp.o
    0x08007870   0x08007870   0x00000016   Code   RO         5937    i.lv_disp_get_scr_act  lv_disp.o
    0x08007886   0x08007886   0x00000028   Code   RO         8670    i.lv_disp_get_ver_res  lv_hal_disp.o
    0x080078ae   0x080078ae   0x00000016   Code   RO         8671    i.lv_disp_is_double_buf  lv_hal_disp.o
    0x080078c4   0x080078c4   0x00000024   Code   RO         8672    i.lv_disp_is_true_double_buf  lv_hal_disp.o
    0x080078e8   0x080078e8   0x00000024   Code   RO         8673    i.lv_disp_pop_from_inv_buf  lv_hal_disp.o
    0x0800790c   0x0800790c   0x00000160   Code   RO         7171    i.lv_disp_refr_task  lv_refr.o
    0x08007a6c   0x08007a6c   0x00000034   Code   RO         7358    i.lv_draw_aa_get_opa  lv_draw.o
    0x08007aa0   0x08007aa0   0x00000044   Code   RO         7839    i.lv_draw_cont_radius_corr  lv_draw_rect.o
    0x08007ae4   0x08007ae4   0x0000009e   Code   RO         7515    i.lv_draw_fill      lv_draw_basic.o
    0x08007b82   0x08007b82   0x00000002   PAD
    0x08007b84   0x08007b84   0x00000024   Code   RO         7361    i.lv_draw_free_buf  lv_draw.o
    0x08007ba8   0x08007ba8   0x0000005c   Code   RO         7362    i.lv_draw_get_buf   lv_draw.o
    0x08007c04   0x08007c04   0x000004e0   Code   RO         7722    i.lv_draw_label     lv_draw_label.o
    0x080080e4   0x080080e4   0x00000368   Code   RO         7516    i.lv_draw_letter    lv_draw_basic.o
    0x0800844c   0x0800844c   0x000000d6   Code   RO         7518    i.lv_draw_px        lv_draw_basic.o
    0x08008522   0x08008522   0x00000090   Code   RO         7840    i.lv_draw_rect      lv_draw_rect.o
    0x080085b2   0x080085b2   0x000010b0   Code   RO         7841    i.lv_draw_rect_border_corner  lv_draw_rect.o
    0x08009662   0x08009662   0x00000472   Code   RO         7842    i.lv_draw_rect_border_straight  lv_draw_rect.o
    0x08009ad4   0x08009ad4   0x00000c28   Code   RO         7843    i.lv_draw_rect_main_corner  lv_draw_rect.o
    0x0800a6fc   0x0800a6fc   0x00000164   Code   RO         7844    i.lv_draw_rect_main_mid  lv_draw_rect.o
    0x0800a860   0x0800a860   0x000000ae   Code   RO         7845    i.lv_draw_shadow    lv_draw_rect.o
    0x0800a90e   0x0800a90e   0x00000272   Code   RO         7846    i.lv_draw_shadow_bottom  lv_draw_rect.o
    0x0800ab80   0x0800ab80   0x000003e6   Code   RO         7847    i.lv_draw_shadow_full  lv_draw_rect.o
    0x0800af66   0x0800af66   0x000001b2   Code   RO         7848    i.lv_draw_shadow_full_straight  lv_draw_rect.o
    0x0800b118   0x0800b118   0x00000024   Code   RO         6538    i.lv_event_send     lv_obj.o
    0x0800b13c   0x0800b13c   0x0000009c   Code   RO         6539    i.lv_event_send_func  lv_obj.o
    0x0800b1d8   0x0800b1d8   0x00000034   Code   RO         8228    i.lv_font_get_bitmap_fmt_txt  lv_font_fmt_txt.o
    0x0800b20c   0x0800b20c   0x00000010   Code   RO         8187    i.lv_font_get_glyph_bitmap  lv_font.o
    0x0800b21c   0x0800b21c   0x0000001e   Code   RO         8188    i.lv_font_get_glyph_dsc  lv_font.o
    0x0800b23a   0x0800b23a   0x00000084   Code   RO         8229    i.lv_font_get_glyph_dsc_fmt_txt  lv_font_fmt_txt.o
    0x0800b2be   0x0800b2be   0x00000026   Code   RO         8189    i.lv_font_get_glyph_width  lv_font.o
    0x0800b2e4   0x0800b2e4   0x00000006   Code   RO        11833    i.lv_font_get_line_height  lv_label.o
    0x0800b2ea   0x0800b2ea   0x0000006a   Code   RO         6050    i.lv_group_add_obj  lv_group.o
    0x0800b354   0x0800b354   0x00000018   Code   RO         6054    i.lv_group_focus_next  lv_group.o
    0x0800b36c   0x0800b36c   0x000000bc   Code   RO         6055    i.lv_group_focus_obj  lv_group.o
    0x0800b428   0x0800b428   0x00000018   Code   RO         6056    i.lv_group_focus_prev  lv_group.o
    0x0800b440   0x0800b440   0x00000012   Code   RO         6057    i.lv_group_get_click_focus  lv_group.o
    0x0800b452   0x0800b452   0x00000012   Code   RO         6058    i.lv_group_get_editing  lv_group.o
    0x0800b464   0x0800b464   0x00000016   Code   RO         6060    i.lv_group_get_focused  lv_group.o
    0x0800b47a   0x0800b47a   0x00000002   PAD
    0x0800b47c   0x0800b47c   0x00000010   Code   RO         6064    i.lv_group_init     lv_group.o
    0x0800b48c   0x0800b48c   0x0000003e   Code   RO         6065    i.lv_group_mod_style  lv_group.o
    0x0800b4ca   0x0800b4ca   0x00000046   Code   RO         6066    i.lv_group_refocus  lv_group.o
    0x0800b510   0x0800b510   0x0000003e   Code   RO         6070    i.lv_group_send_data  lv_group.o
    0x0800b54e   0x0800b54e   0x0000005c   Code   RO         6072    i.lv_group_set_editing  lv_group.o
    0x0800b5aa   0x0800b5aa   0x00000002   PAD
    0x0800b5ac   0x0800b5ac   0x00000068   Code   RO         7983    i.lv_img_cache_invalidate_src  lv_img_cache.o
    0x0800b614   0x0800b614   0x00000084   Code   RO         7985    i.lv_img_cache_set_size  lv_img_cache.o
    0x0800b698   0x0800b698   0x0000004c   Code   RO         7632    i.lv_img_color_format_get_px_size  lv_draw_img.o
    0x0800b6e4   0x0800b6e4   0x00000020   Code   RO         8031    i.lv_img_decoder_built_in_close  lv_img_decoder.o
    0x0800b704   0x0800b704   0x0000007a   Code   RO         8032    i.lv_img_decoder_built_in_info  lv_img_decoder.o
    0x0800b77e   0x0800b77e   0x00000002   PAD
    0x0800b780   0x0800b780   0x000001c4   Code   RO         8033    i.lv_img_decoder_built_in_line_alpha  lv_img_decoder.o
    0x0800b944   0x0800b944   0x00000160   Code   RO         8034    i.lv_img_decoder_built_in_line_indexed  lv_img_decoder.o
    0x0800baa4   0x0800baa4   0x0000000a   Code   RO         8035    i.lv_img_decoder_built_in_line_true_color  lv_img_decoder.o
    0x0800baae   0x0800baae   0x00000126   Code   RO         8036    i.lv_img_decoder_built_in_open  lv_img_decoder.o
    0x0800bbd4   0x0800bbd4   0x000000c8   Code   RO         8037    i.lv_img_decoder_built_in_read_line  lv_img_decoder.o
    0x0800bc9c   0x0800bc9c   0x00000018   Code   RO         8038    i.lv_img_decoder_close  lv_img_decoder.o
    0x0800bcb4   0x0800bcb4   0x00000028   Code   RO         8039    i.lv_img_decoder_create  lv_img_decoder.o
    0x0800bcdc   0x0800bcdc   0x00000054   Code   RO         8042    i.lv_img_decoder_init  lv_img_decoder.o
    0x0800bd30   0x0800bd30   0x00000004   Code   RO         8045    i.lv_img_decoder_set_close_cb  lv_img_decoder.o
    0x0800bd34   0x0800bd34   0x00000004   Code   RO         8046    i.lv_img_decoder_set_info_cb  lv_img_decoder.o
    0x0800bd38   0x0800bd38   0x00000004   Code   RO         8047    i.lv_img_decoder_set_open_cb  lv_img_decoder.o
    0x0800bd3c   0x0800bd3c   0x00000004   Code   RO         8048    i.lv_img_decoder_set_read_line_cb  lv_img_decoder.o
    0x0800bd40   0x0800bd40   0x0000002a   Code   RO         7636    i.lv_img_src_get_type  lv_draw_img.o
    0x0800bd6a   0x0800bd6a   0x00000024   Code   RO         8836    i.lv_indev_drv_init  lv_hal_indev.o
    0x0800bd8e   0x0800bd8e   0x00000002   PAD
    0x0800bd90   0x0800bd90   0x0000006c   Code   RO         8837    i.lv_indev_drv_register  lv_hal_indev.o
    0x0800bdfc   0x0800bdfc   0x0000000c   Code   RO         6350    i.lv_indev_get_act  lv_indev.o
    0x0800be08   0x0800be08   0x0000001c   Code   RO         8839    i.lv_indev_get_next  lv_hal_indev.o
    0x0800be24   0x0800be24   0x0000000a   Code   RO         6357    i.lv_indev_init     lv_indev.o
    0x0800be2e   0x0800be2e   0x0000003e   Code   RO         8840    i.lv_indev_read     lv_hal_indev.o
    0x0800be6c   0x0800be6c   0x00000104   Code   RO         6359    i.lv_indev_read_task  lv_indev.o
    0x0800bf70   0x0800bf70   0x0000003e   Code   RO         6360    i.lv_indev_reset    lv_indev.o
    0x0800bfae   0x0800bfae   0x00000002   PAD
    0x0800bfb0   0x0800bfb0   0x00000058   Code   RO         6540    i.lv_init           lv_obj.o
    0x0800c008   0x0800c008   0x000000e4   Code   RO         7172    i.lv_inv_area       lv_refr.o
    0x0800c0ec   0x0800c0ec   0x000001dc   Code   RO        11834    i.lv_label_create   lv_label.o
    0x0800c2c8   0x0800c2c8   0x0000027a   Code   RO        11836    i.lv_label_design   lv_label.o
    0x0800c542   0x0800c542   0x0000002c   Code   RO        11837    i.lv_label_dot_tmp_free  lv_label.o
    0x0800c56e   0x0800c56e   0x00000014   Code   RO        11838    i.lv_label_get_align  lv_label.o
    0x0800c582   0x0800c582   0x00000014   Code   RO        11840    i.lv_label_get_body_draw  lv_label.o
    0x0800c596   0x0800c596   0x0000001c   Code   RO        11841    i.lv_label_get_dot_tmp  lv_label.o
    0x0800c5b2   0x0800c5b2   0x00000002   PAD
    0x0800c5b4   0x0800c5b4   0x0000018c   Code   RO        11842    i.lv_label_get_letter_on  lv_label.o
    0x0800c740   0x0800c740   0x00000014   Code   RO        11844    i.lv_label_get_long_mode  lv_label.o
    0x0800c754   0x0800c754   0x00000014   Code   RO        11845    i.lv_label_get_recolor  lv_label.o
    0x0800c768   0x0800c768   0x00000010   Code   RO        11846    i.lv_label_get_text  lv_label.o
    0x0800c778   0x0800c778   0x00000008   Code   RO        11847    i.lv_label_get_text_sel_end  lv_label.o
    0x0800c780   0x0800c780   0x00000008   Code   RO        11848    i.lv_label_get_text_sel_start  lv_label.o
    0x0800c788   0x0800c788   0x000003f4   Code   RO        11851    i.lv_label_refr_text  lv_label.o
    0x0800cb7c   0x0800cb7c   0x00000078   Code   RO        11852    i.lv_label_revert_dots  lv_label.o
    0x0800cbf4   0x0800cbf4   0x0000002c   Code   RO        11853    i.lv_label_set_align  lv_label.o
    0x0800cc20   0x0800cc20   0x00000032   Code   RO        11856    i.lv_label_set_body_draw  lv_label.o
    0x0800cc52   0x0800cc52   0x00000060   Code   RO        11857    i.lv_label_set_dot_tmp  lv_label.o
    0x0800ccb2   0x0800ccb2   0x00000002   PAD
    0x0800ccb4   0x0800ccb4   0x00000090   Code   RO        11858    i.lv_label_set_long_mode  lv_label.o
    0x0800cd44   0x0800cd44   0x00000018   Code   RO        11859    i.lv_label_set_offset_x  lv_label.o
    0x0800cd5c   0x0800cd5c   0x00000018   Code   RO        11860    i.lv_label_set_offset_y  lv_label.o
    0x0800cd74   0x0800cd74   0x0000002c   Code   RO        11861    i.lv_label_set_recolor  lv_label.o
    0x0800cda0   0x0800cda0   0x0000003a   Code   RO        11862    i.lv_label_set_static_text  lv_label.o
    0x0800cdda   0x0800cdda   0x00000098   Code   RO        11863    i.lv_label_set_text  lv_label.o
    0x0800ce72   0x0800ce72   0x00000002   PAD
    0x0800ce74   0x0800ce74   0x00000148   Code   RO        11866    i.lv_label_signal   lv_label.o
    0x0800cfbc   0x0800cfbc   0x00000094   Code   RO        16478    i.lv_label_test     lvgl_task.o
    0x0800d050   0x0800d050   0x00000070   Code   RO         9293    i.lv_ll_chg_list    lv_ll.o
    0x0800d0c0   0x0800d0c0   0x0000000a   Code   RO         9295    i.lv_ll_get_head    lv_ll.o
    0x0800d0ca   0x0800d0ca   0x00000016   Code   RO         9297    i.lv_ll_get_next    lv_ll.o
    0x0800d0e0   0x0800d0e0   0x00000014   Code   RO         9298    i.lv_ll_get_prev    lv_ll.o
    0x0800d0f4   0x0800d0f4   0x0000000a   Code   RO         9299    i.lv_ll_get_tail    lv_ll.o
    0x0800d0fe   0x0800d0fe   0x00000016   Code   RO         9300    i.lv_ll_init        lv_ll.o
    0x0800d114   0x0800d114   0x00000040   Code   RO         9301    i.lv_ll_ins_head    lv_ll.o
    0x0800d154   0x0800d154   0x00000072   Code   RO         9302    i.lv_ll_ins_prev    lv_ll.o
    0x0800d1c6   0x0800d1c6   0x00000046   Code   RO         9303    i.lv_ll_ins_tail    lv_ll.o
    0x0800d20c   0x0800d20c   0x00000018   Code   RO         9304    i.lv_ll_is_empty    lv_ll.o
    0x0800d224   0x0800d224   0x0000006a   Code   RO         9305    i.lv_ll_move_before  lv_ll.o
    0x0800d28e   0x0800d28e   0x0000008a   Code   RO         9306    i.lv_ll_rem         lv_ll.o
    0x0800d318   0x0800d318   0x0000004c   Code   RO         9440    i.lv_mem_alloc      lv_mem.o
    0x0800d364   0x0800d364   0x00000074   Code   RO         9442    i.lv_mem_free       lv_mem.o
    0x0800d3d8   0x0800d3d8   0x00000020   Code   RO         9443    i.lv_mem_get_size   lv_mem.o
    0x0800d3f8   0x0800d3f8   0x00000028   Code   RO         9444    i.lv_mem_init       lv_mem.o
    0x0800d420   0x0800d420   0x0000006c   Code   RO         9446    i.lv_mem_realloc    lv_mem.o
    0x0800d48c   0x0800d48c   0x000003b2   Code   RO         6541    i.lv_obj_align      lv_obj.o
    0x0800d83e   0x0800d83e   0x000002f8   Code   RO         6542    i.lv_obj_align_origo  lv_obj.o
    0x0800db36   0x0800db36   0x00000014   Code   RO         6543    i.lv_obj_allocate_ext_attr  lv_obj.o
    0x0800db4a   0x0800db4a   0x00000002   PAD
    0x0800db4c   0x0800db4c   0x000002f4   Code   RO         6548    i.lv_obj_create     lv_obj.o
    0x0800de40   0x0800de40   0x000000c6   Code   RO         6552    i.lv_obj_design     lv_obj.o
    0x0800df06   0x0800df06   0x00000022   Code   RO         6554    i.lv_obj_get_child  lv_obj.o
    0x0800df28   0x0800df28   0x0000000c   Code   RO         6556    i.lv_obj_get_click  lv_obj.o
    0x0800df34   0x0800df34   0x00000012   Code   RO         6557    i.lv_obj_get_coords  lv_obj.o
    0x0800df46   0x0800df46   0x00000002   PAD
    0x0800df48   0x0800df48   0x0000005c   Code   RO         6559    i.lv_obj_get_disp   lv_obj.o
    0x0800dfa4   0x0800dfa4   0x0000000c   Code   RO         6560    i.lv_obj_get_drag   lv_obj.o
    0x0800dfb0   0x0800dfb0   0x0000000c   Code   RO         6561    i.lv_obj_get_drag_dir  lv_obj.o
    0x0800dfbc   0x0800dfbc   0x0000000c   Code   RO         6562    i.lv_obj_get_drag_parent  lv_obj.o
    0x0800dfc8   0x0800dfc8   0x0000000c   Code   RO         6563    i.lv_obj_get_drag_throw  lv_obj.o
    0x0800dfd4   0x0800dfd4   0x00000006   Code   RO         6565    i.lv_obj_get_ext_attr  lv_obj.o
    0x0800dfda   0x0800dfda   0x00000006   Code   RO         6571    i.lv_obj_get_group  lv_obj.o
    0x0800dfe0   0x0800dfe0   0x00000010   Code   RO         6572    i.lv_obj_get_height  lv_obj.o
    0x0800dff0   0x0800dff0   0x0000000c   Code   RO         6574    i.lv_obj_get_hidden  lv_obj.o
    0x0800dffc   0x0800dffc   0x00000028   Code   RO         6576    i.lv_obj_get_opa_scale  lv_obj.o
    0x0800e024   0x0800e024   0x00000006   Code   RO         6578    i.lv_obj_get_parent  lv_obj.o
    0x0800e02a   0x0800e02a   0x0000001a   Code   RO         6581    i.lv_obj_get_screen  lv_obj.o
    0x0800e044   0x0800e044   0x00000006   Code   RO         6582    i.lv_obj_get_signal_cb  lv_obj.o
    0x0800e04a   0x0800e04a   0x00000002   PAD
    0x0800e04c   0x0800e04c   0x00000070   Code   RO         6583    i.lv_obj_get_style  lv_obj.o
    0x0800e0bc   0x0800e0bc   0x00000010   Code   RO         6586    i.lv_obj_get_width  lv_obj.o
    0x0800e0cc   0x0800e0cc   0x00000018   Code   RO         6588    i.lv_obj_get_x      lv_obj.o
    0x0800e0e4   0x0800e0e4   0x00000018   Code   RO         6589    i.lv_obj_get_y      lv_obj.o
    0x0800e0fc   0x0800e0fc   0x000000ce   Code   RO         6590    i.lv_obj_invalidate  lv_obj.o
    0x0800e1ca   0x0800e1ca   0x0000001a   Code   RO         6591    i.lv_obj_is_focused  lv_obj.o
    0x0800e1e4   0x0800e1e4   0x00000012   Code   RO         6592    i.lv_obj_is_protected  lv_obj.o
    0x0800e1f6   0x0800e1f6   0x0000003e   Code   RO         6594    i.lv_obj_move_foreground  lv_obj.o
    0x0800e234   0x0800e234   0x0000003e   Code   RO         6595    i.lv_obj_realign    lv_obj.o
    0x0800e272   0x0800e272   0x0000001a   Code   RO         6596    i.lv_obj_refresh_ext_draw_pad  lv_obj.o
    0x0800e28c   0x0800e28c   0x0000001c   Code   RO         6597    i.lv_obj_refresh_style  lv_obj.o
    0x0800e2a8   0x0800e2a8   0x00000012   Code   RO         6600    i.lv_obj_set_click  lv_obj.o
    0x0800e2ba   0x0800e2ba   0x00000004   Code   RO         6601    i.lv_obj_set_design_cb  lv_obj.o
    0x0800e2be   0x0800e2be   0x0000001a   Code   RO         6608    i.lv_obj_set_height  lv_obj.o
    0x0800e2d8   0x0800e2d8   0x000000a2   Code   RO         6614    i.lv_obj_set_pos    lv_obj.o
    0x0800e37a   0x0800e37a   0x00000004   Code   RO         6616    i.lv_obj_set_signal_cb  lv_obj.o
    0x0800e37e   0x0800e37e   0x0000009e   Code   RO         6617    i.lv_obj_set_size   lv_obj.o
    0x0800e41c   0x0800e41c   0x00000016   Code   RO         6618    i.lv_obj_set_style  lv_obj.o
    0x0800e432   0x0800e432   0x0000001a   Code   RO         6621    i.lv_obj_set_x      lv_obj.o
    0x0800e44c   0x0800e44c   0x0000001a   Code   RO         6622    i.lv_obj_set_y      lv_obj.o
    0x0800e466   0x0800e466   0x00000002   PAD
    0x0800e468   0x0800e468   0x00000068   Code   RO         6623    i.lv_obj_signal     lv_obj.o
    0x0800e4d0   0x0800e4d0   0x0000004c   Code   RO        16099    i.lv_port_disp_init  lv_port_disp.o
    0x0800e51c   0x0800e51c   0x00000030   Code   RO        16380    i.lv_port_indev_init  lv_port_indev.o
    0x0800e54c   0x0800e54c   0x00000158   Code   RO         7173    i.lv_refr_area      lv_refr.o
    0x0800e6a4   0x0800e6a4   0x00000084   Code   RO         7174    i.lv_refr_area_part  lv_refr.o
    0x0800e728   0x0800e728   0x00000064   Code   RO         7175    i.lv_refr_areas     lv_refr.o
    0x0800e78c   0x0800e78c   0x0000000c   Code   RO         7176    i.lv_refr_get_disp_refreshing  lv_refr.o
    0x0800e798   0x0800e798   0x0000007e   Code   RO         7177    i.lv_refr_get_top_obj  lv_refr.o
    0x0800e816   0x0800e816   0x00000002   Code   RO         7178    i.lv_refr_init      lv_refr.o
    0x0800e818   0x0800e818   0x000000dc   Code   RO         7179    i.lv_refr_join_area  lv_refr.o
    0x0800e8f4   0x0800e8f4   0x00000100   Code   RO         7181    i.lv_refr_obj       lv_refr.o
    0x0800e9f4   0x0800e9f4   0x0000006c   Code   RO         7182    i.lv_refr_obj_and_children  lv_refr.o
    0x0800ea60   0x0800ea60   0x00000064   Code   RO         7184    i.lv_refr_vdb_flush  lv_refr.o
    0x0800eac4   0x0800eac4   0x00000012   Code   RO         7287    i.lv_style_copy     lv_style.o
    0x0800ead6   0x0800ead6   0x00000002   PAD
    0x0800ead8   0x0800ead8   0x00000558   Code   RO         7288    i.lv_style_init     lv_style.o
    0x0800f030   0x0800f030   0x00000018   Code   RO         9502    i.lv_task_core_init  lv_task.o
    0x0800f048   0x0800f048   0x0000003e   Code   RO         9503    i.lv_task_create    lv_task.o
    0x0800f086   0x0800f086   0x00000002   PAD
    0x0800f088   0x0800f088   0x000000a4   Code   RO         9504    i.lv_task_create_basic  lv_task.o
    0x0800f12c   0x0800f12c   0x00000030   Code   RO         9505    i.lv_task_del       lv_task.o
    0x0800f15c   0x0800f15c   0x0000000c   Code   RO         9506    i.lv_task_enable    lv_task.o
    0x0800f168   0x0800f168   0x00000050   Code   RO         9507    i.lv_task_exec      lv_task.o
    0x0800f1b8   0x0800f1b8   0x00000174   Code   RO         9509    i.lv_task_handler   lv_task.o
    0x0800f32c   0x0800f32c   0x00000012   Code   RO         9511    i.lv_task_ready     lv_task.o
    0x0800f33e   0x0800f33e   0x00000004   Code   RO         9513    i.lv_task_set_cb    lv_task.o
    0x0800f342   0x0800f342   0x00000004   Code   RO         9514    i.lv_task_set_period  lv_task.o
    0x0800f346   0x0800f346   0x00000002   PAD
    0x0800f348   0x0800f348   0x00000064   Code   RO         9515    i.lv_task_set_prio  lv_task.o
    0x0800f3ac   0x0800f3ac   0x00000018   Code   RO        14444    i.lv_theme_get_current  lv_theme.o
    0x0800f3c4   0x0800f3c4   0x0000001a   Code   RO         8925    i.lv_tick_elaps     lv_hal_tick.o
    0x0800f3de   0x0800f3de   0x00000002   PAD
    0x0800f3e0   0x0800f3e0   0x00000020   Code   RO         8926    i.lv_tick_get       lv_hal_tick.o
    0x0800f400   0x0800f400   0x0000001c   Code   RO         8927    i.lv_tick_inc       lv_hal_tick.o
    0x0800f41c   0x0800f41c   0x00000120   Code   RO         9603    i.lv_txt_get_next_line  lv_txt.o
    0x0800f53c   0x0800f53c   0x000000cc   Code   RO         9604    i.lv_txt_get_size   lv_txt.o
    0x0800f608   0x0800f608   0x00000090   Code   RO         9605    i.lv_txt_get_width  lv_txt.o
    0x0800f698   0x0800f698   0x00000048   Code   RO         9607    i.lv_txt_is_cmd     lv_txt.o
    0x0800f6e0   0x0800f6e0   0x000000a4   Code   RO         9608    i.lv_txt_unicode_to_utf8  lv_txt.o
    0x0800f784   0x0800f784   0x0000003e   Code   RO         9609    i.lv_txt_utf8_conv_wc  lv_txt.o
    0x0800f7c2   0x0800f7c2   0x00000002   PAD
    0x0800f7c4   0x0800f7c4   0x00000028   Code   RO         9610    i.lv_txt_utf8_get_byte_id  lv_txt.o
    0x0800f7ec   0x0800f7ec   0x00000028   Code   RO         9611    i.lv_txt_utf8_get_char_id  lv_txt.o
    0x0800f814   0x0800f814   0x00000028   Code   RO         9612    i.lv_txt_utf8_get_length  lv_txt.o
    0x0800f83c   0x0800f83c   0x00000148   Code   RO         9613    i.lv_txt_utf8_next  lv_txt.o
    0x0800f984   0x0800f984   0x00000060   Code   RO         9614    i.lv_txt_utf8_prev  lv_txt.o
    0x0800f9e4   0x0800f9e4   0x0000003c   Code   RO         9615    i.lv_txt_utf8_size  lv_txt.o
    0x0800fa20   0x0800fa20   0x00000054   Code   RO         9700    i.lv_utils_bsearch  lv_utils.o
    0x0800fa74   0x0800fa74   0x000000c0   Code   RO           16    i.main              main.o
    0x0800fb34   0x0800fb34   0x00000030   Code   RO         9308    i.node_set_next     lv_ll.o
    0x0800fb64   0x0800fb64   0x0000002c   Code   RO         9309    i.node_set_prev     lv_ll.o
    0x0800fb90   0x0800fb90   0x0000002c   Code   RO         6078    i.obj_to_foreground  lv_group.o
    0x0800fbbc   0x0800fbbc   0x00000050   Code   RO         6625    i.refresh_children_position  lv_obj.o
    0x0800fc0c   0x0800fc0c   0x00000042   Code   RO         6626    i.refresh_children_style  lv_obj.o
    0x0800fc4e   0x0800fc4e   0x00000148   Code   RO         7519    i.sw_color_fill     lv_draw_basic.o
    0x0800fd96   0x0800fd96   0x00000002   Code   RO        16385    i.touchpad_init     lv_port_indev.o
    0x0800fd98   0x0800fd98   0x00000014   Code   RO        16386    i.touchpad_is_pressed  lv_port_indev.o
    0x0800fdac   0x0800fdac   0x0000005c   Code   RO        16387    i.touchpad_read     lv_port_indev.o
    0x0800fe08   0x0800fe08   0x0000000a   Code   RO         8230    i.unicode_list_compare  lv_font_fmt_txt.o
    0x0800fe12   0x0800fe12   0x00000008   Data   RO         2557    .constdata          stm32f4xx_hal_dma.o
    0x0800fe1a   0x0800fe1a   0x00000018   Data   RO         5082    .constdata          system_stm32f4xx.o
    0x0800fe32   0x0800fe32   0x00003cdc   Data   RO         5397    .constdata          bsp_lcd.o
    0x08013b0e   0x08013b0e   0x00000002   PAD
    0x08013b10   0x08013b10   0x000001d6   Data   RO         5770    .constdata          gt9xx.o
    0x08013ce6   0x08013ce6   0x00000002   PAD
    0x08013ce8   0x08013ce8   0x00000016   Data   RO         7293    .constdata          lv_style.o
    0x08013cfe   0x08013cfe   0x00000024   Data   RO         7363    .constdata          lv_draw.o
    0x08013d22   0x08013d22   0x00000011   Data   RO         7849    .constdata          lv_draw_rect.o
    0x08013d33   0x08013d33   0x00000001   PAD
    0x08013d34   0x08013d34   0x000023bc   Data   RO         8513    .constdata          lv_font_roboto_16.o
    0x080160f0   0x080160f0   0x00000002   Data   RO         8676    .constdata          lv_hal_disp.o
    0x080160f2   0x080160f2   0x00000002   PAD
    0x080160f4   0x080160f4   0x000000a1   Data   RO         5771    .conststring        gt9xx.o
    0x08016195   0x08016195   0x00000003   PAD
    0x08016198   0x08016198   0x00000020   Data   RO        17206    Region$$Table       anon$$obj.o


    Execution Region RW_IRAM1 (Exec base: 0x20000000, Load base: 0x080161b8, Size: 0x00003858, Max: 0x00030000, ABSOLUTE, COMPRESSED[0x00000858])

    Exec Addr    Load Addr    Size         Type   Attr      Idx    E Section Name        Object

    0x20000000   COMPRESSED   0x00000009   Data   RW         3009    .data               stm32f4xx_hal.o
    0x20000009   COMPRESSED   0x00000003   PAD
    0x2000000c   COMPRESSED   0x00000004   Data   RW         5083    .data               system_stm32f4xx.o
    0x20000010   COMPRESSED   0x00000034   Data   RW         5398    .data               bsp_lcd.o
    0x20000044   COMPRESSED   0x000002bb   Data   RW         5772    .data               gt9xx.o
    0x200002ff   COMPRESSED   0x00000001   PAD
    0x20000300   COMPRESSED   0x00000008   Data   RW         6366    .data               lv_indev.o
    0x20000308   COMPRESSED   0x0000000c   Data   RW         6628    .data               lv_obj.o
    0x20000314   COMPRESSED   0x00000008   Data   RW         7185    .data               lv_refr.o
    0x2000031c   COMPRESSED   0x00000024   Data   RW         7364    .data               lv_draw.o
    0x20000340   COMPRESSED   0x00000002   Data   RW         7986    .data               lv_img_cache.o
    0x20000342   COMPRESSED   0x00000002   PAD
    0x20000344   COMPRESSED   0x00000bcc   Data   RW         8514    .data               lv_font_roboto_16.o
    0x20000f10   COMPRESSED   0x00000004   Data   RW         8677    .data               lv_hal_disp.o
    0x20000f14   COMPRESSED   0x00000005   Data   RW         8928    .data               lv_hal_tick.o
    0x20000f19   COMPRESSED   0x00000003   PAD
    0x20000f1c   COMPRESSED   0x00000005   Data   RW         8969    .data               lv_anim.o
    0x20000f21   COMPRESSED   0x00000003   PAD
    0x20000f24   COMPRESSED   0x0000000c   Data   RW         9268    .data               lv_gc.o
    0x20000f30   COMPRESSED   0x00000008   Data   RW         9447    .data               lv_mem.o
    0x20000f38   COMPRESSED   0x00000014   Data   RW         9516    .data               lv_task.o
    0x20000f4c   COMPRESSED   0x00000020   Data   RW         9616    .data               lv_txt.o
    0x20000f6c   COMPRESSED   0x00000004   Data   RW        11867    .data               lv_label.o
    0x20000f70   COMPRESSED   0x00000001   Data   RW        14447    .data               lv_theme.o
    0x20000f71   COMPRESSED   0x00000003   PAD
    0x20000f74   COMPRESSED   0x00000025   Data   RW        16388    .data               lv_port_indev.o
    0x20000f99   COMPRESSED   0x00000003   PAD
    0x20000f9c   COMPRESSED   0x00000004   Data   RW        17182    .data               mc_w.l(stdout.o)
    0x20000fa0        -       0x00000040   Zero   RW          527    .bss                usart.o
    0x20000fe0        -       0x00000040   Zero   RW          675    .bss                stm32f4xx_hal_timebase_tim.o
    0x20001020        -       0x00000044   Zero   RW         5296    .bss                bsp_sdram.o
    0x20001064        -       0x00000130   Zero   RW         5396    .bss                bsp_lcd.o
    0x20001194        -       0x00000054   Zero   RW         5687    .bss                bsp_i2c_touch.o
    0x200011e8        -       0x00000060   Zero   RW         5906    .bss                bsp_dma.o
    0x20001248        -       0x0000030c   Zero   RW         7292    .bss                lv_style.o
    0x20001554        -       0x00000060   Zero   RW         9267    .bss                lv_gc.o
    0x200015b4        -       0x00001a88   Zero   RW        14446    .bss                lv_theme.o
    0x2000303c        -       0x0000001c   Zero   RW        16101    .bss                lv_port_disp.o
    0x20003058        -       0x00000800   Zero   RW            1    STACK               startup_stm32f429xx.o



  Load Region LR$$.ARM.__AT_0xD0408000 (Base: 0xd0408000, Size: 0x00000000, Max: 0x000bb800, ABSOLUTE)

    Execution Region ER$$.ARM.__AT_0xD0408000 (Exec base: 0xd0408000, Load base: 0xd0408000, Size: 0x000bb800, Max: 0x000bb800, ABSOLUTE, UNINIT)

    Exec Addr    Load Addr    Size         Type   Attr      Idx    E Section Name        Object

    0xd0408000        -       0x000bb800   Zero   RW        16100    .ARM.__AT_0xD0408000  lv_port_disp.o


==============================================================================

Image component sizes


      Code (inc. data)   RO Data    RW Data    ZI Data      Debug   Object Name

       176         52          0          0         96       1206   bsp_dma.o
       770         70          0          0         84       6759   bsp_i2c_touch.o
      2360        158      15580         52        304      19118   bsp_lcd.o
       132          8          0          0          0        991   bsp_led.o
      2016         56          0          0         68       5015   bsp_sdram.o
        40          6          0          0          0       1115   debug_usart.o
       132          6          0          0          0        875   gpio.o
      2458        672        631        699          0      17227   gt9xx.o
       708         50          0          5          0      12813   lv_anim.o
         0          0          0          0          0       6764   lv_arc.o
       452          0          0          0          0       5870   lv_area.o
         0          0          0          0          0        792   lv_async.o
         0          0          0          0          0       1415   lv_bar.o
         0          0          0          0          0       3610   lv_calendar.o
        98          0          0          0          0       2897   lv_circ.o
        66          0          0          0          0      17700   lv_disp.o
       180         20         36         36          0      12487   lv_draw.o
      1710         24          0          0          0      23155   lv_draw_basic.o
       118         16          0          0          0       9722   lv_draw_img.o
      1342         24          0          0          0      12198   lv_draw_label.o
     11568         16         17          0          0      26125   lv_draw_rect.o
        84          0          0          0          0       3657   lv_font.o
       886         16          0          0          0       8817   lv_font_fmt_txt.o
         0          0          0          0          0       1728   lv_font_roboto_12.o
         0          0       9148       3020          0       2000   lv_font_roboto_16.o
         0          0          0         12         96       7906   lv_gc.o
       992         20          0          0          0      30048   lv_group.o
       550         26          2          4          0      26111   lv_hal_disp.o
       234         12          0          0          0      18274   lv_hal_indev.o
        86         20          0          5          0       2332   lv_hal_tick.o
       236         20          0          2          0       5278   lv_img_cache.o
      1626         50          0          0          0      17811   lv_img_decoder.o
      4882         60          0          8          0      26459   lv_indev.o
      3820         96          0          4          0      31468   lv_label.o
       804          0          0          0          0      11442   lv_ll.o
       544         32          0          8          0       6290   lv_mem.o
      4592        100          0         12          0      45416   lv_obj.o
       242         26          0          0     768028      20058   lv_port_disp.o
       162         30          0         37          0       4198   lv_port_indev.o
      2018         52          0          8          0      11395   lv_refr.o
      1434         68         22          0        780       8110   lv_style.o
       888         90          0         20          0       8066   lv_task.o
        24         10          0          1       6792      22525   lv_theme.o
      1538         48          0         32          0      14187   lv_txt.o
        84          0          0          0          0        943   lv_utils.o
       148         50          0          0          0       2952   lvgl_task.o
       410         48          0          0          0     805614   main.o
        36          8        428          0       2048        844   startup_stm32f429xx.o
       136         24          0          9          0       8914   stm32f4xx_hal.o
       320         28          0          0          0      34476   stm32f4xx_hal_cortex.o
       458         10          8          0          0       2799   stm32f4xx_hal_dma.o
       968          6          0          0          0       5723   stm32f4xx_hal_dma2d.o
       552         54          0          0          0       2348   stm32f4xx_hal_gpio.o
      2790         48          0          0          0      12056   stm32f4xx_hal_i2c.o
        76          0          0          0          0       1115   stm32f4xx_hal_i2c_ex.o
       996          6          0          0          0       4274   stm32f4xx_hal_ltdc.o
        72          4          0          0          0        846   stm32f4xx_hal_msp.o
       140         12          0          0          0       1296   stm32f4xx_hal_pwr_ex.o
      1868         94          0          0          0       6325   stm32f4xx_hal_rcc.o
       772         26          0          0          0       1612   stm32f4xx_hal_rcc_ex.o
       164          0          0          0          0       3332   stm32f4xx_hal_sdram.o
       726         46          0          0          0       6394   stm32f4xx_hal_tim.o
         4          0          0          0          0       1589   stm32f4xx_hal_tim_ex.o
       140         18          0          0         64       1467   stm32f4xx_hal_timebase_tim.o
      1438          8          0          0          0       3836   stm32f4xx_hal_uart.o
        98         50          0          0          0       4664   stm32f4xx_it.o
       368          4          0          0          0       3568   stm32f4xx_ll_fmc.o
        28          4         24          4          0       1155   system_stm32f4xx.o
       192         22          0          0         64       1682   usart.o

    ----------------------------------------------------------------------
     63018       2524      25938       3996     778424    1441254   Object Totals
         0          0         32          0          0          0   (incl. Generated)
        66          0         10         18          0          0   (incl. Padding)

    ----------------------------------------------------------------------

      Code (inc. data)   RO Data    RW Data    ZI Data      Debug   Library Member Name

        86          0          0          0          0          0   __dczerorl2.o
         0          0          0          0          0          0   entry.o
         0          0          0          0          0          0   entry10a.o
         0          0          0          0          0          0   entry11a.o
         8          4          0          0          0          0   entry2.o
         4          0          0          0          0          0   entry5.o
         0          0          0          0          0          0   entry7b.o
         0          0          0          0          0          0   entry8b.o
         8          4          0          0          0          0   entry9a.o
        30          0          0          0          0          0   handlers.o
        36          8          0          0          0         68   init.o
        30          0          0          0          0         68   llshl.o
        32          0          0          0          0         68   llushr.o
        36          0          0          0          0         68   memcpya.o
        36          0          0          0          0        108   memseta.o
      1154         54          0          0          0        352   printf8.o
         0          0          0          4          0          0   stdout.o
        18          0          0          0          0         68   strcpy.o
        14          0          0          0          0         68   strlen.o
        98          0          0          0          0         92   uldiv.o

    ----------------------------------------------------------------------
      1596         70          0          4          0        960   Library Totals
         6          0          0          0          0          0   (incl. Padding)

    ----------------------------------------------------------------------

      Code (inc. data)   RO Data    RW Data    ZI Data      Debug   Library Name

      1590         70          0          4          0        960   mc_w.l

    ----------------------------------------------------------------------
      1596         70          0          4          0        960   Library Totals

    ----------------------------------------------------------------------

==============================================================================


      Code (inc. data)   RO Data    RW Data    ZI Data      Debug   

     64614       2594      25938       4000     778424    1402482   Grand Totals
     64614       2594      25938       2136     778424    1402482   ELF Image Totals (compressed)
     64614       2594      25938       2136          0          0   ROM Totals

==============================================================================

    Total RO  Size (Code + RO Data)                90552 (  88.43kB)
    Total RW  Size (RW Data + ZI Data)            782424 ( 764.09kB)
    Total ROM Size (Code + RO Data + RW Data)      92688 (  90.52kB)

==============================================================================

